\import std.Data[].Nat[] \as N;
\import std.Data[].FinSet[] \as Fin;
\import \parent.Multilinear[V := V, space := space] \as Multilinear;
\import Multilinear.Alternating[] \as Alternating;
\import Alternating.Dimension[n := n, b := b] \as Dimensions;
\import Alternating.Finite[I := Fin.Fin n, b := b] \as Coefficients;
\definition Form(k: N.Nat^): \Set := Alternating.Form k;
\module At(k: N.Nat^);
