\import Cochains.Map[C := C, D := D] \as LeftMaps;
\import Cochains.Map[C := E, D := F] \as RightMaps;
\import LeftMaps.At[k := p] \as Left;
\import RightMaps.At[k := q] \as Right;
\import Cochains.At[C := C, k := p] \as SC;
\import Cochains.At[C := E, k := q] \as SE;
\import \parent.CycleProduct[C := C, D := E, p := p, q := q] \as Source;
\import \parent.CycleProduct[C := D, D := F, p := p, q := q] \as Target;
\import \parent.Tensor[C := C, D := E] \as SourceTensor;
\import \parent.Tensor[C := D, D := F] \as TargetTensor;
\import \parent.Total[C := SourceTensor.complex] \as SourceTotal;
\import \parent.Total[C := TargetTensor.complex] \as TargetTotal;
\definition n: Nat.Nat^ := Arithmetic.add p q;
\import Cochains.At[C := TargetTotal.complex, k := n] \as H;
\import TargetTotal.Degree[n := n] \as Current;
\import SourceTensor.Term[p := p, q := q] \as STerm;
\import TargetTensor.Term[p := p, q := q] \as TTerm;
\import Current.Component[i := Target.index] \as Inclusion;
\import \parent.TensorMapping[C := C, D := D, E := E, F := F] \as Mapping;
\import \parent.Map[C := SourceTensor.complex, D := TargetTensor.complex] \as Native;
\import Cochains.Map[C := SourceTotal.complex, D := TargetTotal.complex] \as Totals;
\import Totals.At[k := n] \as Induced;
\module With(f: LeftMaps.Map, g: RightMaps.Map);
