\import Source.Subspace[S := U] \as Subspace;
\definition Point: \Set := Subspace.CarrierSet;
\definition restrictedTopology: topology.Structures[].Topology[Point] := Subspace.topology space;
\import \root.Dimension[n := n].ChartData[M := Point, space := restrictedTopology] \as Charts;
\module Of(chart: Chart);
