\import \parent.On[P := P, N := N] \as Source;
\import \parent.On[P := Q, N := L] \as Target;
\import Chains.Map[C := P, D := Q] \as ChainMaps;
\import Modules.Hom[V := N.Carrier, W := L.Carrier, source := N.space, target := L.space] \as Coefficients;
\import Chains.Map[C := Source.complex, D := Target.complex] \as Maps;
\module On(f: ChainMaps.Map, u: Coefficients.Map);
