\import std.Data[].Nat[] \as N;
\import std.Data[].FinSet[] \as Fin;
\import topological_algebra.Complex[] \as Complex;
\import complex.Complex[].Def[] \as Operations;
\import topology.Topology[Carrier := Complex.Carrier] \as Source;
\import topology.Maps[A := Complex.Carrier, B := Complex.Carrier] \as Maps;
\import Maps.Identity[] \as Identity;
\import Complex.Functions[A := Complex.Carrier] \as Functions;
\definition Index: \Set := Fin.Fin (N.Nat^::succ (N.Nat^::succ N.Nat^::zero));
\import topological_algebra.Matrix[K := Complex.Carrier, I := Index, J := Index] \as Matrix;
\import Matrix.Universal[A := Complex.Carrier] \as Into;
\import topology.Continuity[A := Complex.Carrier, B := Matrix.Carrier] \as MatrixMaps;
\definition conjugateMatrix(z: Complex.Carrier): Matrix.Carrier := \fun (i, j: Index) => Operations.conj z;
\definition conjugateMatrixContinuous: MatrixMaps.Continuous Complex.topology (Matrix.topology Complex.topology) conjugateMatrix :=
  Into.continuous Complex.topology Complex.topology conjugateMatrix (\fun (i, j: Index) =>
    Functions.conjugateContinuous Complex.topology (\fun (z: Complex.Carrier) => z) (Identity.continuous Complex.topology));
