\module Dimension(n: std.Data[].Nat[].Nat^);
\module Examples;
\module SmoothMap(n, m: std.Data[].Nat[].Nat^);
\module Composition(n, m, l: std.Data[].Nat[].Nat^);
\module CompositionDifferential(n, m, l: std.Data[].Nat[].Nat^);
\module Diffeomorphism(n, m: std.Data[].Nat[].Nat^);
\module SelfMap(n: std.Data[].Nat[].Nat^);
\module MapLaws(n, m: std.Data[].Nat[].Nat^);
\module Associativity(n, m, l, r: std.Data[].Nat[].Nat^);
\module DiffeomorphismComposition(n, m, l: std.Data[].Nat[].Nat^);
\module Presentation(n: std.Data[].Nat[].Nat^);
\module Tangent(n: std.Data[].Nat[].Nat^);
\module Differential(n, m: std.Data[].Nat[].Nat^);
\module DifferentialIdentity(n: std.Data[].Nat[].Nat^);
\module DifferentialComposition(n, m, l: std.Data[].Nat[].Nat^);
\module OpenSubmanifold(n: std.Data[].Nat[].Nat^);
\module SmoothMapRestriction(n, m: std.Data[].Nat[].Nat^);
\module DiffeomorphismDifferential(n, m: std.Data[].Nat[].Nat^);
\module SmallAtlasSmoothMap(n, m: std.Data[].Nat[].Nat^);
