\import Source.At[n := k] \as SourceTerm;
\import Target.At[n := k] \as TargetTerm;
\import Modules.Hom[V := SourceTerm.Carrier, W := TargetTerm.Carrier, source := SourceTerm.space, target := TargetTerm.space] \as Maps;
\import CochainMaps.At[k := k] \as Induced;
\module With(p: SourceResolution.Resolution, q: TargetResolution.Resolution, f: Coefficients.Map);
