\module RecursiveProgramInductive {
  \inductive Nat: \VType :=
  | zero: Nat;
  | succ: Nat -> Nat;
  ;

  \definition one: Nat := Nat::succ Nat::zero;
  \definition predecessor: (Nat ~> \F(Nat)) :=
    (\cfun (n: Nat) => \match (n) \in Nat \with {
      | zero => \return(Nat::zero)
      | succ previous => \return(previous)
      });
  \cnormalize (predecessor one);
  \definition boxedOne: \Box[\F(Nat)] := \box[_](\return(one));
  \normalize \squash[_](boxedOne);
}
