\module RefinedFunctionApplication {
  \inductive Unit: \Set := | unit: Unit;
  \inductive True: \Prop := | yes: True;
  \definition Functions: \Pow (Unit -> Unit) := { f : Unit -> Unit \where True };
  \definition identity: \Cast[Unit -> Unit] (Functions) :=
    \into[Unit -> Unit](\fun (x: Unit) => x, Functions) \by { True::yes };
  \definition identityBeta (x: Unit): identity x = x := \refl(x);
}
