\import \parent.\parent.\parent.Order[] \as CutOrder;
\import \root.AxiomaticReals[Carrier := Real] \as AR;

\definition raw: AR.RawRealStructure[Real] :=
  CutOrder.withOrder zero one add neg mul inv;

\definition linearOrder: AR.LinearOrderLaws[raw] :=
  CutOrder.linearOrder zero one add neg mul inv;

\definition completeness: AR.Completeness raw :=
  CutOrder.completeness zero one add neg mul inv;

\definition axiomaticLaws (field: AR.FieldLaws[raw])
  (compatible: AR.OrderedFieldLaws[raw]): AR.IsAxiomaticRealStructure raw :=
  AR.realLawsIntro raw field linearOrder compatible completeness;
