\module Structures {
  \inductive Nat: \Set :=
  | zero: Nat;
  | succ: Nat -> Nat;
  ;

  \structure Pair(A: \Set): \Set := {
    first: A,
    second: A,
  };

  \definition Pair(A: \Set)::swap(p: Pair[A]): Pair[A] := \record Pair[A] {
    first := Pair[A]::second p,
    second := Pair[A]::first p,
  };

  \definition pair: Pair[Nat] := \record Pair[Nat] {
    second := Nat::succ Nat::zero,
    first := Nat::zero,
  };
  \check Pair::first pair: Nat;
  \normalize Pair[Nat]::second (Pair::swap pair);

  \structure Packed: \SetKind := {
    carrier: \Set,
    value: carrier,
  };
  \definition packed: Packed := \record Packed {
    carrier := Nat,
    value := Nat::zero,
  };
  \check Packed::value packed: Packed::carrier packed;

  \structure Conjunction(P, Q: \Prop): \Prop := {
    left: P,
    right: Q,
  };
  \definition duplicate(P: \Prop)(p: P): Conjunction[P, P] :=
    \record Conjunction[P, P] { left := p, right := p };

  \structure Theory: \PropKind := {
    proposition: \Prop,
  };
}
