cost=bridge.expression calls=13940 inclusive_us=123402 exclusive_us=58346 max_us=6618
cost=bridge.logical_in_scope calls=94257 inclusive_us=2435128 exclusive_us=1411378 max_us=20105
cost=bridge.prepare calls=115508 inclusive_us=292768 exclusive_us=292529 max_us=1185
cost=bridge.program calls=7311 inclusive_us=46491 exclusive_us=18582 max_us=6846
cost=kernel.check calls=106075 inclusive_us=738477 exclusive_us=461223 max_us=48700
cost=kernel.check_context calls=131862 inclusive_us=99368 exclusive_us=96687 max_us=967
cost=kernel.convertible calls=153 inclusive_us=808 exclusive_us=808 max_us=89
cost=kernel.erased_convertible calls=629790 inclusive_us=235049 exclusive_us=235049 max_us=19941
cost=kernel.infer calls=22752 inclusive_us=64171 exclusive_us=36296 max_us=1578
cost=kernel.meta-check calls=90134 inclusive_us=429198 exclusive_us=117491 max_us=20031
cost=kernel.meta-finish calls=9038 inclusive_us=141647 exclusive_us=2154 max_us=3341
cost=kernel.meta-infer calls=10210 inclusive_us=55980 exclusive_us=23391 max_us=3421
cost=kernel.meta-solve_pending calls=9038 inclusive_us=135987 exclusive_us=19409 max_us=3325
cost=kernel.meta-unify calls=8666 inclusive_us=84850 exclusive_us=44443 max_us=2576
cost=kernel.motive_type calls=110 inclusive_us=211 exclusive_us=151 max_us=54
cost=kernel.register_datatype calls=12 inclusive_us=40 exclusive_us=40 max_us=14
cost=kernel.register_definition calls=2511 inclusive_us=414853 exclusive_us=76120 max_us=56709
cost=kernel.register_inductive calls=109 inclusive_us=9133 exclusive_us=7338 max_us=1248
cost=kernel.register_parameter calls=448 inclusive_us=306 exclusive_us=135 max_us=14
cost=kernel.validate calls=2119 inclusive_us=2792 exclusive_us=2073 max_us=707
cost=lower.lower_datatype calls=12 inclusive_us=200 exclusive_us=63 max_us=50
cost=lower.lower_definition calls=2511 inclusive_us=479321 exclusive_us=64040 max_us=56966
cost=lower.lower_inductive calls=109 inclusive_us=12259 exclusive_us=2963 max_us=1968
cost=materialize.definition calls=579908 inclusive_us=44674 exclusive_us=20341 max_us=2639
cost=names.get-item calls=184644 inclusive_us=39431 exclusive_us=39403 max_us=502
cost=names.resolve-access calls=80 inclusive_us=27 exclusive_us=27 max_us=1
cost=namespace.bind calls=425 inclusive_us=22305 exclusive_us=16468 max_us=853
cost=namespace.reuse-datatype calls=44 inclusive_us=17 exclusive_us=17 max_us=1
cost=namespace.reuse-definition calls=3428 inclusive_us=3580 exclusive_us=2585 max_us=181
cost=namespace.reuse-inductive calls=158 inclusive_us=244 exclusive_us=187 max_us=27
cost=query.check-batch calls=1 inclusive_us=4761730 exclusive_us=1711977 max_us=4761730
cost=query.collect-analysis calls=1 inclusive_us=1755745 exclusive_us=1755745 max_us=1755745
cost=query.drop-workspace calls=1 inclusive_us=361724 exclusive_us=361724 max_us=361724
cost=query.graph calls=1 inclusive_us=43210 exclusive_us=43210 max_us=43210
cost=query.resolve calls=1 inclusive_us=5525600 exclusive_us=16732 max_us=5525600
cost=query.total calls=1 inclusive_us=13040444 exclusive_us=555740 max_us=13040444
cost=resolve.access calls=3344635 inclusive_us=1318913 exclusive_us=1318913 max_us=4065
cost=resolve.assemble calls=493 inclusive_us=1750 exclusive_us=399 max_us=321
cost=resolve.expressions calls=8742 inclusive_us=42546 exclusive_us=14573 max_us=905
cost=resolve.import calls=470 inclusive_us=1544465 exclusive_us=2115 max_us=421400
cost=resolve.instantiate calls=1105 inclusive_us=252929 exclusive_us=252929 max_us=3346
cost=resolve.lexical calls=8768 inclusive_us=21000 exclusive_us=21000 max_us=1520
cost=resolve.lower-syntax calls=1 inclusive_us=22931 exclusive_us=22931 max_us=22931
cost=resolve.macro-expansion calls=8742 inclusive_us=57576 exclusive_us=57576 max_us=1100
cost=resolve.module calls=1451 inclusive_us=11924197 exclusive_us=24748 max_us=2739595
cost=resolve.module-argument-bindings calls=8766 inclusive_us=3645 exclusive_us=3488 max_us=209
cost=resolve.reserve calls=493 inclusive_us=3216 exclusive_us=1147 max_us=563
cost=resolve.structure-normalization calls=1983772 inclusive_us=55564486 exclusive_us=3722832 max_us=471130
cost=resolve.structure-parameters calls=2748 inclusive_us=20703 exclusive_us=4397 max_us=927
cost=resolve.total calls=1 inclusive_us=5508868 exclusive_us=61814 max_us=5508868
cost=source.load calls=1 inclusive_us=36692 exclusive_us=36692 max_us=36692
cost=source.snapshot calls=1 inclusive_us=3583 exclusive_us=3583 max_us=3583
cost_group=bridge exclusive_us=1780837
cost_group=kernel exclusive_us=1122816
cost_group=lower exclusive_us=67068
cost_group=materialize exclusive_us=20341
cost_group=names exclusive_us=39431
cost_group=namespace exclusive_us=19258
cost_group=query exclusive_us=4445130
cost_group=resolve exclusive_us=5508868
cost_group=source exclusive_us=40276
cost_total elapsed_us=13087463 accounted_us=13044028 unaccounted_us=43435
