cost=bridge.expression calls=6134 inclusive_us=74862 exclusive_us=43443 max_us=3723
cost=bridge.logical_in_scope calls=85148 inclusive_us=1548396 exclusive_us=655403 max_us=33526
cost=bridge.prepare calls=98593 inclusive_us=194128 exclusive_us=193644 max_us=185
cost=bridge.program calls=7311 inclusive_us=48723 exclusive_us=18268 max_us=9606
cost=kernel.check calls=109678 inclusive_us=512015 exclusive_us=335710 max_us=16464
cost=kernel.check_context calls=138891 inclusive_us=68741 exclusive_us=67603 max_us=260
cost=kernel.convertible calls=172 inclusive_us=833 exclusive_us=833 max_us=78
cost=kernel.erased_convertible calls=648337 inclusive_us=141476 exclusive_us=141476 max_us=16390
cost=kernel.infer calls=25341 inclusive_us=53821 exclusive_us=33648 max_us=1303
cost=kernel.meta-check calls=91424 inclusive_us=423123 exclusive_us=145559 max_us=16465
cost=kernel.meta-finish calls=10914 inclusive_us=219997 exclusive_us=2628 max_us=19295
cost=kernel.meta-infer calls=6553 inclusive_us=118749 exclusive_us=75814 max_us=33221
cost=kernel.meta-solve_pending calls=10914 inclusive_us=212004 exclusive_us=28022 max_us=19185
cost=kernel.meta-unify calls=10894 inclusive_us=104127 exclusive_us=47652 max_us=386
cost=kernel.motive_type calls=110 inclusive_us=178 exclusive_us=114 max_us=10
cost=kernel.register_datatype calls=12 inclusive_us=38 exclusive_us=38 max_us=10
cost=kernel.register_definition calls=3435 inclusive_us=119638 exclusive_us=40559 max_us=9533
cost=kernel.register_inductive calls=99 inclusive_us=11296 exclusive_us=11049 max_us=3590
cost=kernel.register_parameter calls=130 inclusive_us=112 exclusive_us=55 max_us=16
cost=kernel.validate calls=3258 inclusive_us=3775 exclusive_us=2270 max_us=263
cost=lower.lower_datatype calls=12 inclusive_us=193 exclusive_us=61 max_us=34
cost=lower.lower_definition calls=3435 inclusive_us=189346 exclusive_us=69187 max_us=9565
cost=lower.lower_inductive calls=99 inclusive_us=12931 exclusive_us=1447 max_us=3609
cost=materialize.definition calls=768640 inclusive_us=42590 exclusive_us=24072 max_us=658
cost=names.get-item calls=145208 inclusive_us=26003 exclusive_us=25987 max_us=80
cost=names.resolve-access calls=52 inclusive_us=15 exclusive_us=15 max_us=0
cost=namespace.bind calls=495 inclusive_us=34715 exclusive_us=28322 max_us=1397
cost=namespace.reuse-datatype calls=44 inclusive_us=15 exclusive_us=15 max_us=1
cost=namespace.reuse-definition calls=5378 inclusive_us=4584 exclusive_us=3514 max_us=209
cost=namespace.reuse-inductive calls=182 inclusive_us=248 exclusive_us=196 max_us=40
cost=query.check-batch calls=1 inclusive_us=4422574 exclusive_us=2425952 max_us=4422574
cost=query.collect-analysis calls=1 inclusive_us=2816514 exclusive_us=2816514 max_us=2816514
cost=query.drop-workspace calls=1 inclusive_us=535173 exclusive_us=535173 max_us=535173
cost=query.graph calls=1 inclusive_us=63826 exclusive_us=63826 max_us=63826
cost=query.resolve calls=1 inclusive_us=8628197 exclusive_us=25975 max_us=8628197
cost=query.total calls=1 inclusive_us=17371937 exclusive_us=843949 max_us=17371937
cost=resolve.access calls=5346059 inclusive_us=2301655 exclusive_us=2301655 max_us=4057
cost=resolve.assemble calls=478 inclusive_us=2297 exclusive_us=492 max_us=446
cost=resolve.expressions calls=10880 inclusive_us=51106 exclusive_us=12998 max_us=339
cost=resolve.import calls=542 inclusive_us=1865513 exclusive_us=3090 max_us=491296
cost=resolve.instantiate calls=1263 inclusive_us=381862 exclusive_us=381862 max_us=3127
cost=resolve.lexical calls=10908 inclusive_us=21660 exclusive_us=21660 max_us=534
cost=resolve.lower-syntax calls=1 inclusive_us=38488 exclusive_us=38488 max_us=38488
cost=resolve.macro-expansion calls=10880 inclusive_us=77182 exclusive_us=77182 max_us=1100
cost=resolve.module calls=1628 inclusive_us=20509825 exclusive_us=25732 max_us=3063228
cost=resolve.module-argument-bindings calls=10904 inclusive_us=4744 exclusive_us=4572 max_us=205
cost=resolve.reserve calls=478 inclusive_us=4555 exclusive_us=1613 max_us=746
cost=resolve.structure-normalization calls=2910566 inclusive_us=85347742 exclusive_us=5658785 max_us=597660
cost=resolve.structure-parameters calls=3610 inclusive_us=20353 exclusive_us=5051 max_us=562
cost=resolve.total calls=1 inclusive_us=8602222 exclusive_us=69036 max_us=8602222
cost=source.load calls=1 inclusive_us=61700 exclusive_us=61700 max_us=61700
cost=source.snapshot calls=1 inclusive_us=4328 exclusive_us=4328 max_us=4328
cost_group=bridge exclusive_us=910760
cost_group=kernel exclusive_us=933038
cost_group=lower exclusive_us=70696
cost_group=materialize exclusive_us=24072
cost_group=names exclusive_us=26003
cost_group=namespace exclusive_us=32049
cost_group=query exclusive_us=6711392
cost_group=resolve exclusive_us=8602222
cost_group=source exclusive_us=66028
cost_total elapsed_us=17446371 accounted_us=17376265 unaccounted_us=70106
