cost=bridge.expression calls=3203 inclusive_us=42513 exclusive_us=21000 max_us=3364
cost=bridge.logical_in_scope calls=46662 inclusive_us=844193 exclusive_us=335748 max_us=16954
cost=bridge.prepare calls=57176 inclusive_us=98296 exclusive_us=98117 max_us=1040
cost=bridge.program calls=7311 inclusive_us=43766 exclusive_us=17368 max_us=6096
cost=kernel.check calls=62683 inclusive_us=321621 exclusive_us=204447 max_us=16894
cost=kernel.check_context calls=81576 inclusive_us=35907 exclusive_us=35280 max_us=643
cost=kernel.convertible calls=152 inclusive_us=775 exclusive_us=775 max_us=83
cost=kernel.erased_convertible calls=353940 inclusive_us=107718 exclusive_us=107718 max_us=16815
cost=kernel.infer calls=16458 inclusive_us=26798 exclusive_us=15359 max_us=2734
cost=kernel.meta-check calls=49218 inclusive_us=266899 exclusive_us=81580 max_us=16894
cost=kernel.meta-finish calls=8445 inclusive_us=110342 exclusive_us=1840 max_us=2847
cost=kernel.meta-infer calls=5445 inclusive_us=37500 exclusive_us=19690 max_us=4192
cost=kernel.meta-solve_pending calls=8445 inclusive_us=105696 exclusive_us=15006 max_us=2800
cost=kernel.meta-unify calls=6732 inclusive_us=56600 exclusive_us=30654 max_us=286
cost=kernel.motive_type calls=110 inclusive_us=162 exclusive_us=103 max_us=7
cost=kernel.register_datatype calls=12 inclusive_us=37 exclusive_us=36 max_us=9
cost=kernel.register_definition calls=2296 inclusive_us=94936 exclusive_us=30022 max_us=6047
cost=kernel.register_inductive calls=76 inclusive_us=1586 exclusive_us=1469 max_us=198
cost=kernel.register_parameter calls=126 inclusive_us=99 exclusive_us=46 max_us=13
cost=kernel.validate calls=1900 inclusive_us=1977 exclusive_us=1285 max_us=69
cost=lower.lower_datatype calls=12 inclusive_us=192 exclusive_us=60 max_us=32
cost=lower.lower_definition calls=2296 inclusive_us=142066 exclusive_us=46769 max_us=6070
cost=lower.lower_inductive calls=76 inclusive_us=2720 exclusive_us=1019 max_us=208
cost=materialize.definition calls=316760 inclusive_us=26434 exclusive_us=12091 max_us=574
cost=names.get-item calls=94352 inclusive_us=17423 exclusive_us=17416 max_us=335
cost=names.resolve-access calls=28 inclusive_us=7 exclusive_us=7 max_us=0
cost=namespace.bind calls=379 inclusive_us=19159 exclusive_us=14543 max_us=890
cost=namespace.reuse-datatype calls=44 inclusive_us=15 exclusive_us=15 max_us=1
cost=namespace.reuse-definition calls=3297 inclusive_us=3070 exclusive_us=2232 max_us=180
cost=namespace.reuse-inductive calls=132 inclusive_us=147 exclusive_us=109 max_us=16
cost=query.check-batch calls=1 inclusive_us=2678267 exclusive_us=1566449 max_us=2678267
cost=query.collect-analysis calls=1 inclusive_us=1760573 exclusive_us=1760573 max_us=1760573
cost=query.drop-workspace calls=1 inclusive_us=328096 exclusive_us=328096 max_us=328096
cost=query.graph calls=1 inclusive_us=46115 exclusive_us=46115 max_us=46115
cost=query.resolve calls=1 inclusive_us=5391383 exclusive_us=18897 max_us=5391383
cost=query.total calls=1 inclusive_us=10759153 exclusive_us=514098 max_us=10759153
cost=resolve.access calls=3162989 inclusive_us=1414754 exclusive_us=1414754 max_us=772
cost=resolve.assemble calls=433 inclusive_us=1412 exclusive_us=305 max_us=305
cost=resolve.expressions calls=7816 inclusive_us=32058 exclusive_us=8175 max_us=322
cost=resolve.import calls=424 inclusive_us=1648767 exclusive_us=2302 max_us=490047
cost=resolve.instantiate calls=1010 inclusive_us=291940 exclusive_us=291940 max_us=3271
cost=resolve.lexical calls=7842 inclusive_us=11836 exclusive_us=11836 max_us=241
cost=resolve.lower-syntax calls=1 inclusive_us=29219 exclusive_us=29219 max_us=29219
cost=resolve.macro-expansion calls=7816 inclusive_us=52770 exclusive_us=52770 max_us=1552
cost=resolve.module calls=1292 inclusive_us=11467700 exclusive_us=20388 max_us=2988287
cost=resolve.module-argument-bindings calls=7840 inclusive_us=3239 exclusive_us=3066 max_us=250
cost=resolve.reserve calls=433 inclusive_us=3870 exclusive_us=1138 max_us=767
cost=resolve.structure-normalization calls=1762380 inclusive_us=53024953 exclusive_us=3484040 max_us=550964
cost=resolve.structure-parameters calls=2545 inclusive_us=14385 exclusive_us=3451 max_us=591
cost=resolve.total calls=1 inclusive_us=5372486 exclusive_us=49096 max_us=5372486
cost=source.load calls=1 inclusive_us=40619 exclusive_us=40619 max_us=40619
cost=source.snapshot calls=1 inclusive_us=3529 exclusive_us=3529 max_us=3529
cost_group=bridge exclusive_us=472235
cost_group=kernel exclusive_us=545318
cost_group=lower exclusive_us=47849
cost_group=materialize exclusive_us=12091
cost_group=names exclusive_us=17423
cost_group=namespace exclusive_us=16900
cost_group=query exclusive_us=4234230
cost_group=resolve exclusive_us=5372486
cost_group=source exclusive_us=44148
cost_total elapsed_us=10806503 accounted_us=10762682 unaccounted_us=43820
