cost=bridge.expression calls=23769 inclusive_us=200100 exclusive_us=106047 max_us=4762
cost=bridge.logical_in_scope calls=115902 inclusive_us=2842160 exclusive_us=1047360 max_us=43971
cost=bridge.prepare calls=146982 inclusive_us=336849 exclusive_us=331820 max_us=911
cost=bridge.program calls=7311 inclusive_us=51106 exclusive_us=19156 max_us=9708
cost=kernel.check calls=149458 inclusive_us=1307053 exclusive_us=905232 max_us=17637
cost=kernel.check_context calls=205846 inclusive_us=146380 exclusive_us=141541 max_us=348
cost=kernel.convertible calls=5649 inclusive_us=10030 exclusive_us=10030 max_us=66
cost=kernel.erased_convertible calls=1405216 inclusive_us=313445 exclusive_us=313445 max_us=17556
cost=kernel.infer calls=50396 inclusive_us=138179 exclusive_us=80335 max_us=3447
cost=kernel.meta-check calls=125292 inclusive_us=707455 exclusive_us=248451 max_us=17637
cost=kernel.meta-finish calls=14136 inclusive_us=539060 exclusive_us=4145 max_us=19690
cost=kernel.meta-infer calls=7948 inclusive_us=218940 exclusive_us=125371 max_us=43592
cost=kernel.meta-solve_pending calls=14136 inclusive_us=527195 exclusive_us=49091 max_us=19573
cost=kernel.meta-unify calls=15955 inclusive_us=206304 exclusive_us=74738 max_us=1127
cost=kernel.motive_type calls=110 inclusive_us=168 exclusive_us=110 max_us=8
cost=kernel.register_datatype calls=12 inclusive_us=46 exclusive_us=46 max_us=12
cost=kernel.register_definition calls=5079 inclusive_us=460293 exclusive_us=95804 max_us=10938
cost=kernel.register_inductive calls=174 inclusive_us=33337 exclusive_us=32713 max_us=3843
cost=kernel.register_parameter calls=190 inclusive_us=242 exclusive_us=116 max_us=14
cost=kernel.validate calls=5022 inclusive_us=8412 exclusive_us=5674 max_us=72
cost=lower.lower_datatype calls=12 inclusive_us=216 exclusive_us=67 max_us=41
cost=lower.lower_definition calls=5079 inclusive_us=586409 exclusive_us=125283 max_us=11122
cost=lower.lower_inductive calls=174 inclusive_us=36689 exclusive_us=2941 max_us=3865
cost=materialize.definition calls=1007710 inclusive_us=154199 exclusive_us=49758 max_us=7402
cost=names.get-item calls=174561 inclusive_us=38279 exclusive_us=38223 max_us=186
cost=names.resolve-access calls=152 inclusive_us=56 exclusive_us=56 max_us=1
cost=namespace.bind calls=850 inclusive_us=213850 exclusive_us=113230 max_us=4209
cost=namespace.reuse-datatype calls=45 inclusive_us=18 exclusive_us=18 max_us=1
cost=namespace.reuse-definition calls=36846 inclusive_us=86316 exclusive_us=62754 max_us=901
cost=namespace.reuse-inductive calls=2220 inclusive_us=3706 exclusive_us=3650 max_us=200
cost=query.check-batch calls=1 inclusive_us=6920120 exclusive_us=2932899 max_us=6920120
cost=query.collect-analysis calls=1 inclusive_us=3301066 exclusive_us=3301066 max_us=3301066
cost=query.drop-workspace calls=1 inclusive_us=614321 exclusive_us=614321 max_us=614321
cost=query.graph calls=1 inclusive_us=87460 exclusive_us=87460 max_us=87460
cost=query.resolve calls=1 inclusive_us=9584660 exclusive_us=41296 max_us=9584660
cost=query.total calls=1 inclusive_us=21515331 exclusive_us=925702 max_us=21515331
cost=resolve.access calls=5788210 inclusive_us=2519070 exclusive_us=2519070 max_us=12690
cost=resolve.assemble calls=549 inclusive_us=2302 exclusive_us=550 max_us=416
cost=resolve.expressions calls=13917 inclusive_us=67995 exclusive_us=16511 max_us=3088
cost=resolve.import calls=887 inclusive_us=2336482 exclusive_us=5136 max_us=586654
cost=resolve.instantiate calls=1981 inclusive_us=645920 exclusive_us=645920 max_us=4740
cost=resolve.lexical calls=13945 inclusive_us=28553 exclusive_us=28553 max_us=263
cost=resolve.lower-syntax calls=1 inclusive_us=60965 exclusive_us=60965 max_us=60965
cost=resolve.macro-expansion calls=13917 inclusive_us=91679 exclusive_us=91679 max_us=1855
cost=resolve.module calls=2337 inclusive_us=22424216 exclusive_us=30847 max_us=3002928
cost=resolve.module-argument-bindings calls=13941 inclusive_us=5834 exclusive_us=5660 max_us=205
cost=resolve.reserve calls=549 inclusive_us=4712 exclusive_us=1482 max_us=755
cost=resolve.structure-normalization calls=3040504 inclusive_us=89678257 exclusive_us=6010463 max_us=508344
cost=resolve.structure-parameters calls=4386 inclusive_us=31487 exclusive_us=7733 max_us=518
cost=resolve.total calls=1 inclusive_us=9543363 exclusive_us=118790 max_us=9543363
cost=source.load calls=1 inclusive_us=81998 exclusive_us=81998 max_us=81998
cost=source.snapshot calls=1 inclusive_us=5606 exclusive_us=5606 max_us=5606
cost_group=bridge exclusive_us=1504385
cost_group=kernel exclusive_us=2086849
cost_group=lower exclusive_us=128293
cost_group=materialize exclusive_us=49758
cost_group=names exclusive_us=38279
cost_group=namespace exclusive_us=179653
cost_group=query exclusive_us=7902747
cost_group=resolve exclusive_us=9543363
cost_group=source exclusive_us=87605
cost_total elapsed_us=21580259 accounted_us=21520937 unaccounted_us=59321
