cost=bridge.expression calls=13940 inclusive_us=116334 exclusive_us=55742 max_us=3918
cost=bridge.logical_in_scope calls=94257 inclusive_us=2407916 exclusive_us=1411464 max_us=18634
cost=bridge.prepare calls=115508 inclusive_us=290980 exclusive_us=290757 max_us=700
cost=bridge.program calls=7311 inclusive_us=44170 exclusive_us=17740 max_us=6457
cost=kernel.check calls=106075 inclusive_us=719367 exclusive_us=449387 max_us=48963
cost=kernel.check_context calls=131862 inclusive_us=97667 exclusive_us=94961 max_us=695
cost=kernel.convertible calls=153 inclusive_us=722 exclusive_us=722 max_us=55
cost=kernel.erased_convertible calls=629790 inclusive_us=226318 exclusive_us=226318 max_us=15419
cost=kernel.infer calls=22752 inclusive_us=60300 exclusive_us=34875 max_us=1322
cost=kernel.meta-check calls=90134 inclusive_us=404629 exclusive_us=109806 max_us=15492
cost=kernel.meta-finish calls=9038 inclusive_us=139477 exclusive_us=2153 max_us=2757
cost=kernel.meta-infer calls=10210 inclusive_us=55467 exclusive_us=24569 max_us=3985
cost=kernel.meta-solve_pending calls=9038 inclusive_us=133506 exclusive_us=18084 max_us=2717
cost=kernel.meta-unify calls=8666 inclusive_us=74260 exclusive_us=40818 max_us=310
cost=kernel.motive_type calls=110 inclusive_us=155 exclusive_us=99 max_us=7
cost=kernel.register_datatype calls=12 inclusive_us=40 exclusive_us=40 max_us=11
cost=kernel.register_definition calls=2511 inclusive_us=398059 exclusive_us=71303 max_us=58859
cost=kernel.register_inductive calls=109 inclusive_us=7850 exclusive_us=6373 max_us=840
cost=kernel.register_parameter calls=448 inclusive_us=277 exclusive_us=124 max_us=11
cost=kernel.validate calls=2119 inclusive_us=2116 exclusive_us=1392 max_us=25
cost=lower.lower_datatype calls=12 inclusive_us=205 exclusive_us=63 max_us=37
cost=lower.lower_definition calls=2511 inclusive_us=461506 exclusive_us=63016 max_us=59113
cost=lower.lower_inductive calls=109 inclusive_us=10094 exclusive_us=2122 max_us=940
cost=materialize.definition calls=579908 inclusive_us=45859 exclusive_us=20612 max_us=5318
cost=names.get-item calls=184644 inclusive_us=38581 exclusive_us=38552 max_us=83
cost=names.resolve-access calls=80 inclusive_us=28 exclusive_us=28 max_us=1
cost=namespace.bind calls=425 inclusive_us=21301 exclusive_us=15766 max_us=1157
cost=namespace.reuse-datatype calls=44 inclusive_us=17 exclusive_us=17 max_us=1
cost=namespace.reuse-definition calls=3428 inclusive_us=3371 exclusive_us=2498 max_us=186
cost=namespace.reuse-inductive calls=158 inclusive_us=212 exclusive_us=173 max_us=15
cost=query.check-batch calls=1 inclusive_us=4784716 exclusive_us=1785126 max_us=4784716
cost=query.collect-analysis calls=1 inclusive_us=1652718 exclusive_us=1652718 max_us=1652718
cost=query.drop-workspace calls=1 inclusive_us=356571 exclusive_us=356571 max_us=356571
cost=query.graph calls=1 inclusive_us=45028 exclusive_us=45028 max_us=45028
cost=query.resolve calls=1 inclusive_us=5965791 exclusive_us=17266 max_us=5965791
cost=query.total calls=1 inclusive_us=13379511 exclusive_us=531161 max_us=13379511
cost=resolve.access calls=3344635 inclusive_us=1423477 exclusive_us=1423477 max_us=12431
cost=resolve.assemble calls=493 inclusive_us=2886 exclusive_us=658 max_us=492
cost=resolve.expressions calls=8742 inclusive_us=42332 exclusive_us=14854 max_us=835
cost=resolve.import calls=470 inclusive_us=1530630 exclusive_us=2276 max_us=472261
cost=resolve.instantiate calls=1105 inclusive_us=246949 exclusive_us=246949 max_us=1965
cost=resolve.lexical calls=8768 inclusive_us=21510 exclusive_us=21510 max_us=794
cost=resolve.lower-syntax calls=1 inclusive_us=25754 exclusive_us=25754 max_us=25754
cost=resolve.macro-expansion calls=8742 inclusive_us=53655 exclusive_us=53655 max_us=1128
cost=resolve.module calls=1451 inclusive_us=12917840 exclusive_us=24138 max_us=3085544
cost=resolve.module-argument-bindings calls=8766 inclusive_us=3635 exclusive_us=3400 max_us=210
cost=resolve.reserve calls=493 inclusive_us=2922 exclusive_us=1169 max_us=473
cost=resolve.structure-normalization calls=1983772 inclusive_us=60902914 exclusive_us=4057992 max_us=567841
cost=resolve.structure-parameters calls=2748 inclusive_us=19714 exclusive_us=4259 max_us=599
cost=resolve.total calls=1 inclusive_us=5948524 exclusive_us=68428 max_us=5948524
cost=source.load calls=1 inclusive_us=43524 exclusive_us=43524 max_us=43524
cost=source.snapshot calls=1 inclusive_us=4117 exclusive_us=4117 max_us=4117
cost_group=bridge exclusive_us=1775705
cost_group=kernel exclusive_us=1081031
cost_group=lower exclusive_us=65202
cost_group=materialize exclusive_us=20612
cost_group=names exclusive_us=38581
cost_group=namespace exclusive_us=18455
cost_group=query exclusive_us=4387873
cost_group=resolve exclusive_us=5948524
cost_group=source exclusive_us=47642
cost_total elapsed_us=13436274 accounted_us=13383628 unaccounted_us=52645
