cost=bridge.expression calls=6134 inclusive_us=80523 exclusive_us=46626 max_us=4413
cost=bridge.logical_in_scope calls=85148 inclusive_us=1674881 exclusive_us=701124 max_us=39932
cost=bridge.prepare calls=98593 inclusive_us=207025 exclusive_us=206578 max_us=2177
cost=bridge.program calls=7311 inclusive_us=46779 exclusive_us=18263 max_us=7487
cost=kernel.check calls=109678 inclusive_us=554277 exclusive_us=360825 max_us=20107
cost=kernel.check_context calls=138891 inclusive_us=73724 exclusive_us=72566 max_us=605
cost=kernel.convertible calls=172 inclusive_us=784 exclusive_us=784 max_us=60
cost=kernel.erased_convertible calls=648337 inclusive_us=155779 exclusive_us=155779 max_us=20026
cost=kernel.infer calls=25341 inclusive_us=57862 exclusive_us=36072 max_us=1410
cost=kernel.meta-check calls=91424 inclusive_us=463336 exclusive_us=163113 max_us=20108
cost=kernel.meta-finish calls=10914 inclusive_us=229980 exclusive_us=2976 max_us=19269
cost=kernel.meta-infer calls=6553 inclusive_us=135686 exclusive_us=87069 max_us=39619
cost=kernel.meta-solve_pending calls=10914 inclusive_us=221837 exclusive_us=28407 max_us=19173
cost=kernel.meta-unify calls=10894 inclusive_us=113367 exclusive_us=50512 max_us=463
cost=kernel.motive_type calls=110 inclusive_us=160 exclusive_us=101 max_us=7
cost=kernel.register_datatype calls=12 inclusive_us=39 exclusive_us=39 max_us=10
cost=kernel.register_definition calls=3435 inclusive_us=133186 exclusive_us=41456 max_us=7429
cost=kernel.register_inductive calls=99 inclusive_us=11283 exclusive_us=11100 max_us=3742
cost=kernel.register_parameter calls=130 inclusive_us=149 exclusive_us=66 max_us=13
cost=kernel.validate calls=3258 inclusive_us=3794 exclusive_us=2462 max_us=80
cost=lower.lower_datatype calls=12 inclusive_us=197 exclusive_us=62 max_us=38
cost=lower.lower_definition calls=3435 inclusive_us=209390 exclusive_us=75673 max_us=7455
cost=lower.lower_inductive calls=99 inclusive_us=12875 exclusive_us=1421 max_us=3763
cost=materialize.definition calls=768640 inclusive_us=44110 exclusive_us=24971 max_us=1000
cost=names.get-item calls=145208 inclusive_us=28818 exclusive_us=28799 max_us=751
cost=names.resolve-access calls=52 inclusive_us=18 exclusive_us=18 max_us=0
cost=namespace.bind calls=495 inclusive_us=35307 exclusive_us=27957 max_us=1325
cost=namespace.reuse-datatype calls=44 inclusive_us=15 exclusive_us=15 max_us=0
cost=namespace.reuse-definition calls=5378 inclusive_us=4271 exclusive_us=3295 max_us=189
cost=namespace.reuse-inductive calls=182 inclusive_us=210 exclusive_us=166 max_us=24
cost=query.check-batch calls=1 inclusive_us=4839974 exclusive_us=2691664 max_us=4839974
cost=query.collect-analysis calls=1 inclusive_us=3053370 exclusive_us=3053370 max_us=3053370
cost=query.drop-workspace calls=1 inclusive_us=542096 exclusive_us=542096 max_us=542096
cost=query.graph calls=1 inclusive_us=63864 exclusive_us=63864 max_us=63864
cost=query.resolve calls=1 inclusive_us=8587930 exclusive_us=27669 max_us=8587930
cost=query.total calls=1 inclusive_us=18014985 exclusive_us=863278 max_us=18014985
cost=resolve.access calls=5346059 inclusive_us=2298279 exclusive_us=2298279 max_us=5815
cost=resolve.assemble calls=478 inclusive_us=2062 exclusive_us=455 max_us=410
cost=resolve.expressions calls=10880 inclusive_us=53218 exclusive_us=13300 max_us=311
cost=resolve.import calls=542 inclusive_us=1801575 exclusive_us=2900 max_us=464676
cost=resolve.instantiate calls=1263 inclusive_us=373963 exclusive_us=373963 max_us=3797
cost=resolve.lexical calls=10908 inclusive_us=21517 exclusive_us=21517 max_us=279
cost=resolve.lower-syntax calls=1 inclusive_us=39828 exclusive_us=39828 max_us=39828
cost=resolve.macro-expansion calls=10880 inclusive_us=76239 exclusive_us=76239 max_us=1319
cost=resolve.module calls=1628 inclusive_us=20629186 exclusive_us=26342 max_us=2931211
cost=resolve.module-argument-bindings calls=10904 inclusive_us=4808 exclusive_us=4635 max_us=209
cost=resolve.reserve calls=478 inclusive_us=3567 exclusive_us=1221 max_us=587
cost=resolve.structure-normalization calls=2910566 inclusive_us=84109237 exclusive_us=5617882 max_us=568780
cost=resolve.structure-parameters calls=3610 inclusive_us=21085 exclusive_us=5084 max_us=550
cost=resolve.total calls=1 inclusive_us=8560260 exclusive_us=78606 max_us=8560260
cost=source.load calls=1 inclusive_us=64471 exclusive_us=64471 max_us=64471
cost=source.snapshot calls=1 inclusive_us=4012 exclusive_us=4012 max_us=4012
cost_group=bridge exclusive_us=972592
cost_group=kernel exclusive_us=1013336
cost_group=lower exclusive_us=77156
cost_group=materialize exclusive_us=24971
cost_group=names exclusive_us=28818
cost_group=namespace exclusive_us=31434
cost_group=query exclusive_us=7241944
cost_group=resolve exclusive_us=8560260
cost_group=source exclusive_us=68483
cost_total elapsed_us=18098845 accounted_us=18018998 unaccounted_us=79847
