cost=bridge.expression calls=3203 inclusive_us=44364 exclusive_us=21392 max_us=3903
cost=bridge.logical_in_scope calls=46662 inclusive_us=888076 exclusive_us=354285 max_us=19185
cost=bridge.prepare calls=57176 inclusive_us=102842 exclusive_us=102625 max_us=227
cost=bridge.program calls=7311 inclusive_us=43738 exclusive_us=17952 max_us=5740
cost=kernel.check calls=62683 inclusive_us=346614 exclusive_us=222947 max_us=19122
cost=kernel.check_context calls=81576 inclusive_us=37415 exclusive_us=36747 max_us=146
cost=kernel.convertible calls=152 inclusive_us=819 exclusive_us=819 max_us=128
cost=kernel.erased_convertible calls=353940 inclusive_us=111446 exclusive_us=111446 max_us=19036
cost=kernel.infer calls=16458 inclusive_us=24615 exclusive_us=15409 max_us=1347
cost=kernel.meta-check calls=49218 inclusive_us=282675 exclusive_us=88425 max_us=19122
cost=kernel.meta-finish calls=8445 inclusive_us=120858 exclusive_us=1939 max_us=3550
cost=kernel.meta-infer calls=5445 inclusive_us=43762 exclusive_us=23736 max_us=4955
cost=kernel.meta-solve_pending calls=8445 inclusive_us=115375 exclusive_us=16328 max_us=3515
cost=kernel.meta-unify calls=6732 inclusive_us=60565 exclusive_us=32190 max_us=321
cost=kernel.motive_type calls=110 inclusive_us=151 exclusive_us=96 max_us=7
cost=kernel.register_datatype calls=12 inclusive_us=34 exclusive_us=34 max_us=9
cost=kernel.register_definition calls=2296 inclusive_us=103518 exclusive_us=30079 max_us=5690
cost=kernel.register_inductive calls=76 inclusive_us=1859 exclusive_us=1740 max_us=469
cost=kernel.register_parameter calls=126 inclusive_us=101 exclusive_us=51 max_us=12
cost=kernel.validate calls=1900 inclusive_us=2159 exclusive_us=1439 max_us=41
cost=lower.lower_datatype calls=12 inclusive_us=174 exclusive_us=55 max_us=32
cost=lower.lower_definition calls=2296 inclusive_us=156250 exclusive_us=52362 max_us=5713
cost=lower.lower_inductive calls=76 inclusive_us=3043 exclusive_us=1031 max_us=481
cost=materialize.definition calls=316760 inclusive_us=29139 exclusive_us=12956 max_us=933
cost=names.get-item calls=94352 inclusive_us=19073 exclusive_us=19066 max_us=196
cost=names.resolve-access calls=28 inclusive_us=7 exclusive_us=7 max_us=0
cost=namespace.bind calls=379 inclusive_us=20736 exclusive_us=15320 max_us=1177
cost=namespace.reuse-datatype calls=44 inclusive_us=15 exclusive_us=15 max_us=1
cost=namespace.reuse-definition calls=3297 inclusive_us=3637 exclusive_us=2623 max_us=350
cost=namespace.reuse-inductive calls=132 inclusive_us=403 exclusive_us=348 max_us=231
cost=query.check-batch calls=1 inclusive_us=2687396 exclusive_us=1503919 max_us=2687396
cost=query.collect-analysis calls=1 inclusive_us=1479492 exclusive_us=1479492 max_us=1479492
cost=query.drop-workspace calls=1 inclusive_us=334843 exclusive_us=334843 max_us=334843
cost=query.graph calls=1 inclusive_us=38947 exclusive_us=38947 max_us=38947
cost=query.resolve calls=1 inclusive_us=5274443 exclusive_us=15271 max_us=5274443
cost=query.total calls=1 inclusive_us=10366239 exclusive_us=514515 max_us=10366239
cost=resolve.access calls=3162989 inclusive_us=1347490 exclusive_us=1347490 max_us=7492
cost=resolve.assemble calls=433 inclusive_us=1821 exclusive_us=392 max_us=392
cost=resolve.expressions calls=7816 inclusive_us=31530 exclusive_us=7764 max_us=1340
cost=resolve.import calls=424 inclusive_us=1769261 exclusive_us=2116 max_us=524558
cost=resolve.instantiate calls=1010 inclusive_us=337597 exclusive_us=337597 max_us=26696
cost=resolve.lexical calls=7842 inclusive_us=11484 exclusive_us=11484 max_us=277
cost=resolve.lower-syntax calls=1 inclusive_us=21380 exclusive_us=21380 max_us=21380
cost=resolve.macro-expansion calls=7816 inclusive_us=47912 exclusive_us=47912 max_us=1441
cost=resolve.module calls=1292 inclusive_us=11162250 exclusive_us=18461 max_us=2910699
cost=resolve.module-argument-bindings calls=7840 inclusive_us=3005 exclusive_us=2838 max_us=202
cost=resolve.reserve calls=433 inclusive_us=3499 exclusive_us=1029 max_us=696
cost=resolve.structure-normalization calls=1762380 inclusive_us=52117232 exclusive_us=3397304 max_us=588770
cost=resolve.structure-parameters calls=2545 inclusive_us=13661 exclusive_us=3052 max_us=833
cost=resolve.total calls=1 inclusive_us=5259171 exclusive_us=60346 max_us=5259171
cost=source.load calls=1 inclusive_us=36600 exclusive_us=36600 max_us=36600
cost=source.snapshot calls=1 inclusive_us=4468 exclusive_us=4468 max_us=4468
cost_group=bridge exclusive_us=496257
cost_group=kernel exclusive_us=583432
cost_group=lower exclusive_us=53449
cost_group=materialize exclusive_us=12956
cost_group=names exclusive_us=19073
cost_group=namespace exclusive_us=18307
cost_group=query exclusive_us=3886990
cost_group=resolve exclusive_us=5259171
cost_group=source exclusive_us=41069
cost_total elapsed_us=10410787 accounted_us=10370708 unaccounted_us=40079
