cost=bridge.expression calls=23769 inclusive_us=192772 exclusive_us=103695 max_us=3911
cost=bridge.logical_in_scope calls=115902 inclusive_us=2743902 exclusive_us=1017522 max_us=36019
cost=bridge.prepare calls=146982 inclusive_us=331333 exclusive_us=326361 max_us=2955
cost=bridge.program calls=7311 inclusive_us=48946 exclusive_us=18329 max_us=10381
cost=kernel.check calls=149458 inclusive_us=1281912 exclusive_us=885510 max_us=21401
cost=kernel.check_context calls=205846 inclusive_us=146114 exclusive_us=140981 max_us=608
cost=kernel.convertible calls=5649 inclusive_us=9726 exclusive_us=9726 max_us=84
cost=kernel.erased_convertible calls=1405216 inclusive_us=304959 exclusive_us=304959 max_us=17913
cost=kernel.infer calls=50396 inclusive_us=136874 exclusive_us=77914 max_us=3484
cost=kernel.meta-check calls=125292 inclusive_us=676089 exclusive_us=236849 max_us=17991
cost=kernel.meta-finish calls=14136 inclusive_us=536309 exclusive_us=3929 max_us=37048
cost=kernel.meta-infer calls=7948 inclusive_us=199478 exclusive_us=109200 max_us=35663
cost=kernel.meta-solve_pending calls=14136 inclusive_us=524775 exclusive_us=49538 max_us=36866
cost=kernel.meta-unify calls=15955 inclusive_us=197433 exclusive_us=70935 max_us=941
cost=kernel.motive_type calls=110 inclusive_us=165 exclusive_us=105 max_us=11
cost=kernel.register_datatype calls=12 inclusive_us=34 exclusive_us=33 max_us=9
cost=kernel.register_definition calls=5079 inclusive_us=452955 exclusive_us=93985 max_us=11674
cost=kernel.register_inductive calls=174 inclusive_us=31766 exclusive_us=31206 max_us=3593
cost=kernel.register_parameter calls=190 inclusive_us=177 exclusive_us=84 max_us=12
cost=kernel.validate calls=5022 inclusive_us=8275 exclusive_us=5400 max_us=208
cost=lower.lower_datatype calls=12 inclusive_us=173 exclusive_us=54 max_us=33
cost=lower.lower_definition calls=5079 inclusive_us=572309 exclusive_us=118536 max_us=11864
cost=lower.lower_inductive calls=174 inclusive_us=35003 exclusive_us=2888 max_us=3612
cost=materialize.definition calls=1007710 inclusive_us=147432 exclusive_us=46602 max_us=7640
cost=names.get-item calls=174561 inclusive_us=35834 exclusive_us=35749 max_us=566
cost=names.resolve-access calls=152 inclusive_us=85 exclusive_us=85 max_us=33
cost=namespace.bind calls=850 inclusive_us=206205 exclusive_us=108927 max_us=6010
cost=namespace.reuse-datatype calls=45 inclusive_us=16 exclusive_us=16 max_us=0
cost=namespace.reuse-definition calls=36846 inclusive_us=84239 exclusive_us=61745 max_us=777
cost=namespace.reuse-inductive calls=2220 inclusive_us=3273 exclusive_us=3224 max_us=77
cost=query.check-batch calls=1 inclusive_us=6701059 exclusive_us=2836956 max_us=6701059
cost=query.collect-analysis calls=1 inclusive_us=3365524 exclusive_us=3365524 max_us=3365524
cost=query.drop-workspace calls=1 inclusive_us=717316 exclusive_us=717316 max_us=717316
cost=query.graph calls=1 inclusive_us=94306 exclusive_us=94306 max_us=94306
cost=query.resolve calls=1 inclusive_us=9751859 exclusive_us=36394 max_us=9751859
cost=query.total calls=1 inclusive_us=21721992 exclusive_us=1008357 max_us=21721992
cost=resolve.access calls=5788210 inclusive_us=2602446 exclusive_us=2602446 max_us=13463
cost=resolve.assemble calls=549 inclusive_us=2140 exclusive_us=505 max_us=383
cost=resolve.expressions calls=13917 inclusive_us=63975 exclusive_us=16053 max_us=335
cost=resolve.import calls=887 inclusive_us=2146794 exclusive_us=5290 max_us=479632
cost=resolve.instantiate calls=1981 inclusive_us=599975 exclusive_us=599975 max_us=2939
cost=resolve.lexical calls=13945 inclusive_us=28346 exclusive_us=28346 max_us=289
cost=resolve.lower-syntax calls=1 inclusive_us=63512 exclusive_us=63512 max_us=63512
cost=resolve.macro-expansion calls=13917 inclusive_us=89511 exclusive_us=89511 max_us=1730
cost=resolve.module calls=2337 inclusive_us=22785785 exclusive_us=30406 max_us=3062324
cost=resolve.module-argument-bindings calls=13941 inclusive_us=5857 exclusive_us=5672 max_us=215
cost=resolve.reserve calls=549 inclusive_us=4673 exclusive_us=1537 max_us=712
cost=resolve.structure-normalization calls=3040504 inclusive_us=93562220 exclusive_us=6132474 max_us=586276
cost=resolve.structure-parameters calls=4386 inclusive_us=29261 exclusive_us=7037 max_us=694
cost=resolve.total calls=1 inclusive_us=9715465 exclusive_us=132696 max_us=9715465
cost=source.load calls=1 inclusive_us=83569 exclusive_us=83569 max_us=83569
cost=source.snapshot calls=1 inclusive_us=5230 exclusive_us=5230 max_us=5230
cost_group=bridge exclusive_us=1465908
cost_group=kernel exclusive_us=2020363
cost_group=lower exclusive_us=121479
cost_group=materialize exclusive_us=46602
cost_group=names exclusive_us=35834
cost_group=namespace exclusive_us=173914
cost_group=query exclusive_us=8058855
cost_group=resolve exclusive_us=9715465
cost_group=source exclusive_us=88799
cost_total elapsed_us=21794171 accounted_us=21727223 unaccounted_us=66947
