cost=bridge.expression calls=13940 inclusive_us=119622 exclusive_us=56911 max_us=4233
cost=bridge.logical_in_scope calls=94257 inclusive_us=2440835 exclusive_us=1414198 max_us=17917
cost=bridge.prepare calls=115508 inclusive_us=292137 exclusive_us=291886 max_us=501
cost=bridge.program calls=7311 inclusive_us=48325 exclusive_us=18462 max_us=9050
cost=kernel.check calls=106075 inclusive_us=728037 exclusive_us=450937 max_us=46539
cost=kernel.check_context calls=131862 inclusive_us=100859 exclusive_us=98288 max_us=1335
cost=kernel.convertible calls=153 inclusive_us=742 exclusive_us=742 max_us=76
cost=kernel.erased_convertible calls=629790 inclusive_us=231491 exclusive_us=231491 max_us=16273
cost=kernel.infer calls=22752 inclusive_us=60637 exclusive_us=35097 max_us=1301
cost=kernel.meta-check calls=90134 inclusive_us=429409 exclusive_us=120840 max_us=16383
cost=kernel.meta-finish calls=9038 inclusive_us=142666 exclusive_us=2164 max_us=2846
cost=kernel.meta-infer calls=10210 inclusive_us=61273 exclusive_us=26409 max_us=4206
cost=kernel.meta-solve_pending calls=9038 inclusive_us=136878 exclusive_us=18255 max_us=2685
cost=kernel.meta-unify calls=8666 inclusive_us=80116 exclusive_us=42670 max_us=1430
cost=kernel.motive_type calls=110 inclusive_us=172 exclusive_us=108 max_us=6
cost=kernel.register_datatype calls=12 inclusive_us=36 exclusive_us=36 max_us=10
cost=kernel.register_definition calls=2511 inclusive_us=397283 exclusive_us=74743 max_us=53404
cost=kernel.register_inductive calls=109 inclusive_us=7875 exclusive_us=6457 max_us=954
cost=kernel.register_parameter calls=448 inclusive_us=321 exclusive_us=136 max_us=17
cost=kernel.validate calls=2119 inclusive_us=2177 exclusive_us=1422 max_us=61
cost=lower.lower_datatype calls=12 inclusive_us=188 exclusive_us=59 max_us=39
cost=lower.lower_definition calls=2511 inclusive_us=463319 exclusive_us=65597 max_us=53650
cost=lower.lower_inductive calls=109 inclusive_us=10187 exclusive_us=2195 max_us=1054
cost=materialize.definition calls=579908 inclusive_us=44172 exclusive_us=20661 max_us=2609
cost=names.get-item calls=184644 inclusive_us=39829 exclusive_us=39802 max_us=102
cost=names.resolve-access calls=80 inclusive_us=27 exclusive_us=27 max_us=1
cost=namespace.bind calls=425 inclusive_us=21793 exclusive_us=15804 max_us=839
cost=namespace.reuse-datatype calls=44 inclusive_us=15 exclusive_us=15 max_us=0
cost=namespace.reuse-definition calls=3428 inclusive_us=3667 exclusive_us=2771 max_us=165
cost=namespace.reuse-inductive calls=158 inclusive_us=280 exclusive_us=239 max_us=58
cost=query.check-batch calls=1 inclusive_us=4871753 exclusive_us=1833316 max_us=4871753
cost=query.collect-analysis calls=1 inclusive_us=1715597 exclusive_us=1715597 max_us=1715597
cost=query.drop-workspace calls=1 inclusive_us=349858 exclusive_us=349858 max_us=349858
cost=query.graph calls=1 inclusive_us=46524 exclusive_us=46524 max_us=46524
cost=query.resolve calls=1 inclusive_us=6020143 exclusive_us=19114 max_us=6020143
cost=query.total calls=1 inclusive_us=13591725 exclusive_us=542163 max_us=13591725
cost=resolve.access calls=3344635 inclusive_us=1416055 exclusive_us=1416055 max_us=12402
cost=resolve.assemble calls=493 inclusive_us=2755 exclusive_us=638 max_us=494
cost=resolve.expressions calls=8742 inclusive_us=44072 exclusive_us=15391 max_us=933
cost=resolve.import calls=470 inclusive_us=1601764 exclusive_us=2443 max_us=491791
cost=resolve.instantiate calls=1105 inclusive_us=260207 exclusive_us=260207 max_us=2572
cost=resolve.lexical calls=8768 inclusive_us=22945 exclusive_us=22945 max_us=1323
cost=resolve.lower-syntax calls=1 inclusive_us=30098 exclusive_us=30098 max_us=30098
cost=resolve.macro-expansion calls=8742 inclusive_us=57408 exclusive_us=57408 max_us=1273
cost=resolve.module calls=1451 inclusive_us=12868660 exclusive_us=26535 max_us=3083440
cost=resolve.module-argument-bindings calls=8766 inclusive_us=3715 exclusive_us=3558 max_us=205
cost=resolve.reserve calls=493 inclusive_us=4845 exclusive_us=1695 max_us=714
cost=resolve.structure-normalization calls=1983772 inclusive_us=60836212 exclusive_us=4101413 max_us=559462
cost=resolve.structure-parameters calls=2748 inclusive_us=22221 exclusive_us=4874 max_us=652
cost=resolve.total calls=1 inclusive_us=6001028 exclusive_us=57761 max_us=6001028
cost=source.load calls=1 inclusive_us=45685 exclusive_us=45685 max_us=45685
cost=source.snapshot calls=1 inclusive_us=3508 exclusive_us=3508 max_us=3508
cost_group=bridge exclusive_us=1781459
cost_group=kernel exclusive_us=1109804
cost_group=lower exclusive_us=67852
cost_group=materialize exclusive_us=20661
cost_group=names exclusive_us=39829
cost_group=namespace exclusive_us=18831
cost_group=query exclusive_us=4506574
cost_group=resolve exclusive_us=6001028
cost_group=source exclusive_us=49194
cost_total elapsed_us=13639335 accounted_us=13595234 unaccounted_us=44100
