cost=bridge.expression calls=6134 inclusive_us=81770 exclusive_us=46859 max_us=4755
cost=bridge.logical_in_scope calls=85148 inclusive_us=1700269 exclusive_us=713797 max_us=37262
cost=bridge.prepare calls=98593 inclusive_us=208494 exclusive_us=207983 max_us=1068
cost=bridge.program calls=7311 inclusive_us=50642 exclusive_us=19524 max_us=8279
cost=kernel.check calls=109678 inclusive_us=565223 exclusive_us=375182 max_us=15524
cost=kernel.check_context calls=138891 inclusive_us=72617 exclusive_us=71465 max_us=196
cost=kernel.convertible calls=172 inclusive_us=1287 exclusive_us=1287 max_us=273
cost=kernel.erased_convertible calls=648337 inclusive_us=154584 exclusive_us=154584 max_us=15451
cost=kernel.infer calls=25341 inclusive_us=59294 exclusive_us=38104 max_us=1448
cost=kernel.meta-check calls=91424 inclusive_us=466645 exclusive_us=164055 max_us=15525
cost=kernel.meta-finish calls=10914 inclusive_us=234428 exclusive_us=2860 max_us=21906
cost=kernel.meta-infer calls=6553 inclusive_us=136818 exclusive_us=89561 max_us=36902
cost=kernel.meta-solve_pending calls=10914 inclusive_us=226459 exclusive_us=29123 max_us=21797
cost=kernel.meta-unify calls=10894 inclusive_us=112891 exclusive_us=51778 max_us=625
cost=kernel.motive_type calls=110 inclusive_us=175 exclusive_us=112 max_us=8
cost=kernel.register_datatype calls=12 inclusive_us=44 exclusive_us=44 max_us=11
cost=kernel.register_definition calls=3435 inclusive_us=139511 exclusive_us=45086 max_us=8203
cost=kernel.register_inductive calls=99 inclusive_us=12190 exclusive_us=12008 max_us=3885
cost=kernel.register_parameter calls=130 inclusive_us=124 exclusive_us=58 max_us=16
cost=kernel.validate calls=3258 inclusive_us=3668 exclusive_us=2410 max_us=36
cost=lower.lower_datatype calls=12 inclusive_us=222 exclusive_us=70 max_us=36
cost=lower.lower_definition calls=3435 inclusive_us=218794 exclusive_us=78726 max_us=8244
cost=lower.lower_inductive calls=99 inclusive_us=13944 exclusive_us=1557 max_us=3905
cost=materialize.definition calls=768640 inclusive_us=45293 exclusive_us=25486 max_us=981
cost=names.get-item calls=145208 inclusive_us=28311 exclusive_us=28292 max_us=67
cost=names.resolve-access calls=52 inclusive_us=18 exclusive_us=18 max_us=2
cost=namespace.bind calls=495 inclusive_us=37444 exclusive_us=30259 max_us=1258
cost=namespace.reuse-datatype calls=44 inclusive_us=15 exclusive_us=15 max_us=0
cost=namespace.reuse-definition calls=5378 inclusive_us=4795 exclusive_us=3517 max_us=216
cost=namespace.reuse-inductive calls=182 inclusive_us=247 exclusive_us=195 max_us=35
cost=query.check-batch calls=1 inclusive_us=4926068 exclusive_us=2732037 max_us=4926068
cost=query.collect-analysis calls=1 inclusive_us=2986366 exclusive_us=2986366 max_us=2986366
cost=query.drop-workspace calls=1 inclusive_us=545384 exclusive_us=545384 max_us=545384
cost=query.graph calls=1 inclusive_us=62026 exclusive_us=62026 max_us=62026
cost=query.resolve calls=1 inclusive_us=8779904 exclusive_us=33180 max_us=8779904
cost=query.total calls=1 inclusive_us=18251989 exclusive_us=893360 max_us=18251989
cost=resolve.access calls=5346059 inclusive_us=2372211 exclusive_us=2372211 max_us=7129
cost=resolve.assemble calls=478 inclusive_us=1925 exclusive_us=424 max_us=382
cost=resolve.expressions calls=10880 inclusive_us=53412 exclusive_us=13340 max_us=409
cost=resolve.import calls=542 inclusive_us=1873656 exclusive_us=3086 max_us=484592
cost=resolve.instantiate calls=1263 inclusive_us=356995 exclusive_us=356995 max_us=3296
cost=resolve.lexical calls=10908 inclusive_us=21898 exclusive_us=21898 max_us=329
cost=resolve.lower-syntax calls=1 inclusive_us=43240 exclusive_us=43240 max_us=43240
cost=resolve.macro-expansion calls=10880 inclusive_us=79868 exclusive_us=79868 max_us=1721
cost=resolve.module calls=1628 inclusive_us=21135079 exclusive_us=25522 max_us=2988751
cost=resolve.module-argument-bindings calls=10904 inclusive_us=5002 exclusive_us=4813 max_us=232
cost=resolve.reserve calls=478 inclusive_us=4648 exclusive_us=1434 max_us=828
cost=resolve.structure-normalization calls=2910566 inclusive_us=86897354 exclusive_us=5749090 max_us=536739
cost=resolve.structure-parameters calls=3610 inclusive_us=21778 exclusive_us=5569 max_us=568
cost=resolve.total calls=1 inclusive_us=8746724 exclusive_us=69225 max_us=8746724
cost=source.load calls=1 inclusive_us=58878 exclusive_us=58878 max_us=58878
cost=source.snapshot calls=1 inclusive_us=4840 exclusive_us=4840 max_us=4840
cost_group=bridge exclusive_us=988165
cost_group=kernel exclusive_us=1037725
cost_group=lower exclusive_us=80354
cost_group=materialize exclusive_us=25486
cost_group=names exclusive_us=28311
cost_group=namespace exclusive_us=33987
cost_group=query exclusive_us=7252355
cost_group=resolve exclusive_us=8746724
cost_group=source exclusive_us=63719
cost_total elapsed_us=18326850 accounted_us=18256830 unaccounted_us=70020
