cost=bridge.expression calls=3203 inclusive_us=51881 exclusive_us=24097 max_us=5202
cost=bridge.logical_in_scope calls=46662 inclusive_us=904330 exclusive_us=360425 max_us=14450
cost=bridge.prepare calls=57176 inclusive_us=105207 exclusive_us=104957 max_us=149
cost=bridge.program calls=7311 inclusive_us=55917 exclusive_us=21603 max_us=8235
cost=kernel.check calls=62683 inclusive_us=355939 exclusive_us=232047 max_us=14393
cost=kernel.check_context calls=81576 inclusive_us=37283 exclusive_us=36589 max_us=80
cost=kernel.convertible calls=152 inclusive_us=1086 exclusive_us=1086 max_us=99
cost=kernel.erased_convertible calls=353940 inclusive_us=111518 exclusive_us=111518 max_us=14317
cost=kernel.infer calls=16458 inclusive_us=27675 exclusive_us=17522 max_us=1850
cost=kernel.meta-check calls=49218 inclusive_us=278620 exclusive_us=83119 max_us=14393
cost=kernel.meta-finish calls=8445 inclusive_us=118775 exclusive_us=2076 max_us=3581
cost=kernel.meta-infer calls=5445 inclusive_us=42138 exclusive_us=21748 max_us=4923
cost=kernel.meta-solve_pending calls=8445 inclusive_us=113715 exclusive_us=15986 max_us=3475
cost=kernel.meta-unify calls=6732 inclusive_us=60492 exclusive_us=32211 max_us=426
cost=kernel.motive_type calls=110 inclusive_us=261 exclusive_us=148 max_us=42
cost=kernel.register_datatype calls=12 inclusive_us=52 exclusive_us=52 max_us=12
cost=kernel.register_definition calls=2296 inclusive_us=115740 exclusive_us=34944 max_us=8161
cost=kernel.register_inductive calls=76 inclusive_us=1710 exclusive_us=1580 max_us=200
cost=kernel.register_parameter calls=126 inclusive_us=123 exclusive_us=61 max_us=12
cost=kernel.validate calls=1900 inclusive_us=2118 exclusive_us=1462 max_us=23
cost=lower.lower_datatype calls=12 inclusive_us=249 exclusive_us=75 max_us=40
cost=lower.lower_definition calls=2296 inclusive_us=168611 exclusive_us=52496 max_us=8196
cost=lower.lower_inductive calls=76 inclusive_us=3043 exclusive_us=1202 max_us=214
cost=materialize.definition calls=316760 inclusive_us=36526 exclusive_us=17616 max_us=4377
cost=names.get-item calls=94352 inclusive_us=19812 exclusive_us=19804 max_us=79
cost=names.resolve-access calls=28 inclusive_us=8 exclusive_us=8 max_us=0
cost=namespace.bind calls=379 inclusive_us=25183 exclusive_us=18726 max_us=820
cost=namespace.reuse-datatype calls=44 inclusive_us=19 exclusive_us=19 max_us=2
cost=namespace.reuse-definition calls=3297 inclusive_us=4409 exclusive_us=3098 max_us=239
cost=namespace.reuse-inductive calls=132 inclusive_us=272 exclusive_us=162 max_us=71
cost=query.check-batch calls=1 inclusive_us=2756389 exclusive_us=1539936 max_us=2756389
cost=query.collect-analysis calls=1 inclusive_us=1515878 exclusive_us=1515878 max_us=1515878
cost=query.drop-workspace calls=1 inclusive_us=341432 exclusive_us=341432 max_us=341432
cost=query.graph calls=1 inclusive_us=40966 exclusive_us=40966 max_us=40966
cost=query.resolve calls=1 inclusive_us=5398676 exclusive_us=16575 max_us=5398676
cost=query.total calls=1 inclusive_us=10629008 exclusive_us=538301 max_us=10629008
cost=resolve.access calls=3162989 inclusive_us=1403918 exclusive_us=1403918 max_us=7014
cost=resolve.assemble calls=433 inclusive_us=2102 exclusive_us=450 max_us=450
cost=resolve.expressions calls=7816 inclusive_us=32433 exclusive_us=8440 max_us=309
cost=resolve.import calls=424 inclusive_us=1602214 exclusive_us=2490 max_us=480391
cost=resolve.instantiate calls=1010 inclusive_us=273560 exclusive_us=273560 max_us=2070
cost=resolve.lexical calls=7842 inclusive_us=12290 exclusive_us=12290 max_us=271
cost=resolve.lower-syntax calls=1 inclusive_us=21590 exclusive_us=21590 max_us=21590
cost=resolve.macro-expansion calls=7816 inclusive_us=51903 exclusive_us=51903 max_us=1203
cost=resolve.module calls=1292 inclusive_us=11480921 exclusive_us=23236 max_us=3029583
cost=resolve.module-argument-bindings calls=7840 inclusive_us=3438 exclusive_us=3242 max_us=234
cost=resolve.reserve calls=433 inclusive_us=3892 exclusive_us=1142 max_us=762
cost=resolve.structure-normalization calls=1762380 inclusive_us=53359931 exclusive_us=3518779 max_us=574026
cost=resolve.structure-parameters calls=2545 inclusive_us=15355 exclusive_us=3702 max_us=619
cost=resolve.total calls=1 inclusive_us=5382100 exclusive_us=57350 max_us=5382100
cost=source.load calls=1 inclusive_us=37363 exclusive_us=37363 max_us=37363
cost=source.snapshot calls=1 inclusive_us=3121 exclusive_us=3121 max_us=3121
cost_group=bridge exclusive_us=511083
cost_group=kernel exclusive_us=592157
cost_group=lower exclusive_us=53774
cost_group=materialize exclusive_us=17616
cost_group=names exclusive_us=19812
cost_group=namespace exclusive_us=22007
cost_group=query exclusive_us=3993092
cost_group=resolve exclusive_us=5382100
cost_group=source exclusive_us=40484
cost_total elapsed_us=10671123 accounted_us=10632130 unaccounted_us=38992
