cost=bridge.expression calls=23769 inclusive_us=192063 exclusive_us=102817 max_us=4392
cost=bridge.logical_in_scope calls=115902 inclusive_us=2733858 exclusive_us=1004280 max_us=40046
cost=bridge.prepare calls=146982 inclusive_us=322734 exclusive_us=317735 max_us=539
cost=bridge.program calls=7311 inclusive_us=45956 exclusive_us=17598 max_us=7931
cost=kernel.check calls=149458 inclusive_us=1267261 exclusive_us=874062 max_us=17065
cost=kernel.check_context calls=205846 inclusive_us=141638 exclusive_us=136933 max_us=348
cost=kernel.convertible calls=5649 inclusive_us=9683 exclusive_us=9683 max_us=58
cost=kernel.erased_convertible calls=1405216 inclusive_us=307695 exclusive_us=307695 max_us=16989
cost=kernel.infer calls=50396 inclusive_us=131565 exclusive_us=76401 max_us=3810
cost=kernel.meta-check calls=125292 inclusive_us=673942 exclusive_us=232660 max_us=17065
cost=kernel.meta-finish calls=14136 inclusive_us=514235 exclusive_us=3934 max_us=23574
cost=kernel.meta-infer calls=7948 inclusive_us=204838 exclusive_us=115132 max_us=39735
cost=kernel.meta-solve_pending calls=14136 inclusive_us=502981 exclusive_us=46832 max_us=23472
cost=kernel.meta-unify calls=15955 inclusive_us=196340 exclusive_us=71075 max_us=786
cost=kernel.motive_type calls=110 inclusive_us=174 exclusive_us=104 max_us=14
cost=kernel.register_datatype calls=12 inclusive_us=36 exclusive_us=36 max_us=10
cost=kernel.register_definition calls=5079 inclusive_us=457071 exclusive_us=92973 max_us=12269
cost=kernel.register_inductive calls=174 inclusive_us=34747 exclusive_us=34122 max_us=5194
cost=kernel.register_parameter calls=190 inclusive_us=431 exclusive_us=86 max_us=246
cost=kernel.validate calls=5022 inclusive_us=7999 exclusive_us=5373 max_us=73
cost=lower.lower_datatype calls=12 inclusive_us=183 exclusive_us=58 max_us=35
cost=lower.lower_definition calls=5079 inclusive_us=573595 exclusive_us=115683 max_us=12453
cost=lower.lower_inductive calls=174 inclusive_us=37693 exclusive_us=2603 max_us=5217
cost=materialize.definition calls=1007710 inclusive_us=150013 exclusive_us=46908 max_us=7935
cost=names.get-item calls=174561 inclusive_us=34996 exclusive_us=34944 max_us=227
cost=names.resolve-access calls=152 inclusive_us=51 exclusive_us=51 max_us=2
cost=namespace.bind calls=850 inclusive_us=205081 exclusive_us=109351 max_us=5185
cost=namespace.reuse-datatype calls=45 inclusive_us=16 exclusive_us=16 max_us=1
cost=namespace.reuse-definition calls=36846 inclusive_us=82430 exclusive_us=59743 max_us=602
cost=namespace.reuse-inductive calls=2220 inclusive_us=3139 exclusive_us=3098 max_us=65
cost=query.check-batch calls=1 inclusive_us=6504080 exclusive_us=2682078 max_us=6504080
cost=query.collect-analysis calls=1 inclusive_us=3323360 exclusive_us=3323360 max_us=3323360
cost=query.drop-workspace calls=1 inclusive_us=645935 exclusive_us=645935 max_us=645935
cost=query.graph calls=1 inclusive_us=87649 exclusive_us=87649 max_us=87649
cost=query.resolve calls=1 inclusive_us=9596152 exclusive_us=36007 max_us=9596152
cost=query.total calls=1 inclusive_us=21175784 exclusive_us=936665 max_us=21175784
cost=resolve.access calls=5788210 inclusive_us=2479882 exclusive_us=2479882 max_us=12639
cost=resolve.assemble calls=549 inclusive_us=1930 exclusive_us=457 max_us=340
cost=resolve.expressions calls=13917 inclusive_us=64056 exclusive_us=16060 max_us=526
cost=resolve.import calls=887 inclusive_us=2270071 exclusive_us=5166 max_us=498047
cost=resolve.instantiate calls=1981 inclusive_us=694570 exclusive_us=694570 max_us=40204
cost=resolve.lexical calls=13945 inclusive_us=27436 exclusive_us=27436 max_us=570
cost=resolve.lower-syntax calls=1 inclusive_us=58857 exclusive_us=58857 max_us=58857
cost=resolve.macro-expansion calls=13917 inclusive_us=88672 exclusive_us=88672 max_us=1186
cost=resolve.module calls=2337 inclusive_us=22461005 exclusive_us=30966 max_us=2971384
cost=resolve.module-argument-bindings calls=13941 inclusive_us=5861 exclusive_us=5673 max_us=215
cost=resolve.reserve calls=549 inclusive_us=5402 exclusive_us=1779 max_us=892
cost=resolve.structure-normalization calls=3040504 inclusive_us=90066577 exclusive_us=6023616 max_us=556571
cost=resolve.structure-parameters calls=4386 inclusive_us=30364 exclusive_us=7144 max_us=675
cost=resolve.total calls=1 inclusive_us=9560144 exclusive_us=119861 max_us=9560144
cost=source.load calls=1 inclusive_us=81941 exclusive_us=81941 max_us=81941
cost=source.snapshot calls=1 inclusive_us=5156 exclusive_us=5156 max_us=5156
cost_group=bridge exclusive_us=1442432
cost_group=kernel exclusive_us=2007108
cost_group=lower exclusive_us=118345
cost_group=materialize exclusive_us=46908
cost_group=names exclusive_us=34996
cost_group=namespace exclusive_us=172210
cost_group=query exclusive_us=7711696
cost_group=resolve exclusive_us=9560144
cost_group=source exclusive_us=87097
cost_total elapsed_us=21249940 accounted_us=21180940 unaccounted_us=68999
