/* The one-point carrier has its discrete topology. */
\import topology.Topology[Carrier := \Cast[Carrier] (Singleton point)] \as Point;

\definition CarrierSet: \Set := \Cast[Carrier] (Singleton point);
\definition PointTopology: \Set := Point.Topology;

\definition topology: PointTopology := Point.Discrete;
