/* The topology induced on a subset by intersections with ambient open sets. */
\import topology.Topology[Carrier := \Cast[Carrier] S] \as Sub;

\definition CarrierSet: \Set := \Cast[Carrier] S;
\definition SubspaceTopology: \Set := Sub.Topology::[Set];

\definition Trace(U: \Pow Carrier): \Pow CarrierSet :=
  { x : CarrierSet \where Member U x };

\definition Basis(ambient: Topology::[Set]): \Pow (\Pow CarrierSet) :=
  { V : \Pow CarrierSet \where
    \exists { U : \Pow Carrier \where
      Logic.And[IsOpenIn ambient U, V = Trace U] } };

\definition topology(ambient: Topology::[Set]): SubspaceTopology :=
  Sub.generated (Basis ambient);

\definition openSets(ambient: Topology::[Set]): \Pow (\Pow CarrierSet) :=
  #openSets{(Sub.Topology::[raw] (topology ambient))};
