/* Refinement membership, expected-set inference, macro traversal, and universes. */
\module ChoiceEquality(
    A: \Set, subset: \Pow A, a: \Cast[A] subset,
    existsA: \exists \Cast[A] subset,
    uniqueA: \forall (x, y: \Cast[A] subset) -> x = y,
) {
    \definition chosen: A :=
        \choice \Cast[A] subset \by { existence: existsA, uniqueness: uniqueA };
    \definition at_a: a = chosen :=
        \choiceeq a \of \Cast[A] subset \by { existence: existsA, uniqueness: uniqueA };
    \definition inferred_set: a = chosen :=
        \choiceeq a \of _ \by { existence: existsA, uniqueness: uniqueA };
    \definition member: \In[A] subset chosen :=
        \bysub(A, subset, \choice \Cast[A] subset \by { existence: existsA, uniqueness: uniqueA });
    \macro equal($element, $set) :=
        \choiceeq $element \of $set \by { existence: existsA, uniqueness: uniqueA };
    \definition macro_element (a: \Cast[A] subset): a = chosen := equal!{a {\Cast[A] subset}};
    \macro choose($set) :=
        \choice $set \by { existence: existsA, uniqueness: uniqueA };
    \definition macro_choice: a = choose!{{\Cast[A] subset}} :=
        equal!{a {\Cast[A] subset}};
    \infer \choiceeq a \of \Cast[A] subset \by { existence: existsA, uniqueness: uniqueA };
}
\module HigherChoice(X: \Set(1), x: X, unique: \forall (a, b: X) -> a = b) {
    \definition chosen: X := \choice X \by { existence: \exact(x, X), uniqueness: unique };
    \definition at_x: x = chosen :=
        \choiceeq x \of X \by { existence: \exact(x, X), uniqueness: unique };
}
