cost=kernel.check calls=106075 inclusive_us=756754 exclusive_us=476117 max_us=52916
cost=kernel.check_context calls=131862 inclusive_us=100027 exclusive_us=97229 max_us=774
cost=kernel.convertible calls=153 inclusive_us=748 exclusive_us=748 max_us=79
cost=kernel.erased_convertible calls=629790 inclusive_us=235002 exclusive_us=235002 max_us=15885
cost=kernel.infer calls=22752 inclusive_us=65261 exclusive_us=37936 max_us=2717
cost=kernel.meta-check calls=90134 inclusive_us=397047 exclusive_us=106384 max_us=15985
cost=kernel.meta-finish calls=9038 inclusive_us=137383 exclusive_us=1970 max_us=3597
cost=kernel.meta-infer calls=10210 inclusive_us=55391 exclusive_us=23461 max_us=3812
cost=kernel.meta-solve_pending calls=9038 inclusive_us=132060 exclusive_us=16703 max_us=3574
cost=kernel.meta-unify calls=8666 inclusive_us=70911 exclusive_us=38524 max_us=805
cost=kernel.motive_type calls=110 inclusive_us=141 exclusive_us=87 max_us=7
cost=kernel.register_datatype calls=12 inclusive_us=309 exclusive_us=308 max_us=257
cost=kernel.register_definition calls=2511 inclusive_us=446549 exclusive_us=80232 max_us=61730
cost=kernel.register_inductive calls=109 inclusive_us=8165 exclusive_us=6735 max_us=814
cost=kernel.register_parameter calls=448 inclusive_us=304 exclusive_us=132 max_us=12
cost=kernel.validate calls=2119 inclusive_us=2079 exclusive_us=1411 max_us=21
cost=resolve.total calls=1 inclusive_us=980225 exclusive_us=980225 max_us=980225
cost_group=kernel exclusive_us=1122987
cost_group=resolve exclusive_us=980225
cost_count=resolve.declarations value=499
cost_count=resolve.reference-probes value=2171187
cost_count=resolve.references value=38070
cost_count=resolve.scopes value=128625
cost_total elapsed_us=5034878 accounted_us=2103213 unaccounted_us=2931665
