cost=kernel.check calls=109678 inclusive_us=501861 exclusive_us=329805 max_us=14543
cost=kernel.check_context calls=138891 inclusive_us=68265 exclusive_us=67170 max_us=510
cost=kernel.convertible calls=172 inclusive_us=814 exclusive_us=814 max_us=87
cost=kernel.erased_convertible calls=648337 inclusive_us=136421 exclusive_us=136421 max_us=14462
cost=kernel.infer calls=25341 inclusive_us=54941 exclusive_us=34365 max_us=1384
cost=kernel.meta-check calls=91424 inclusive_us=415160 exclusive_us=144423 max_us=14543
cost=kernel.meta-finish calls=10914 inclusive_us=218761 exclusive_us=2395 max_us=20486
cost=kernel.meta-infer calls=6553 inclusive_us=120511 exclusive_us=77500 max_us=34144
cost=kernel.meta-solve_pending calls=10914 inclusive_us=211443 exclusive_us=27489 max_us=20391
cost=kernel.meta-unify calls=10894 inclusive_us=102791 exclusive_us=45410 max_us=350
cost=kernel.motive_type calls=110 inclusive_us=153 exclusive_us=93 max_us=6
cost=kernel.register_datatype calls=12 inclusive_us=38 exclusive_us=38 max_us=14
cost=kernel.register_definition calls=3435 inclusive_us=112474 exclusive_us=36622 max_us=5322
cost=kernel.register_inductive calls=99 inclusive_us=12488 exclusive_us=12327 max_us=4006
cost=kernel.register_parameter calls=130 inclusive_us=109 exclusive_us=46 max_us=13
cost=kernel.validate calls=3258 inclusive_us=3428 exclusive_us=2223 max_us=60
cost=resolve.total calls=1 inclusive_us=1193370 exclusive_us=1193370 max_us=1193370
cost_group=kernel exclusive_us=917151
cost_group=resolve exclusive_us=1193370
cost_count=resolve.declarations value=481
cost_count=resolve.reference-probes value=3750541
cost_count=resolve.references value=59185
cost_count=resolve.scopes value=151787
cost_total elapsed_us=4289859 accounted_us=2110521 unaccounted_us=2179337
