cost=kernel.check calls=62683 inclusive_us=306131 exclusive_us=195501 max_us=14813
cost=kernel.check_context calls=81576 inclusive_us=33497 exclusive_us=32873 max_us=192
cost=kernel.convertible calls=152 inclusive_us=734 exclusive_us=734 max_us=59
cost=kernel.erased_convertible calls=353940 inclusive_us=98605 exclusive_us=98605 max_us=14735
cost=kernel.infer calls=16458 inclusive_us=22214 exclusive_us=13797 max_us=1236
cost=kernel.meta-check calls=49218 inclusive_us=247482 exclusive_us=77172 max_us=14814
cost=kernel.meta-finish calls=8445 inclusive_us=108330 exclusive_us=2097 max_us=2181
cost=kernel.meta-infer calls=5445 inclusive_us=35602 exclusive_us=18144 max_us=2879
cost=kernel.meta-solve_pending calls=8445 inclusive_us=103521 exclusive_us=14246 max_us=2124
cost=kernel.meta-unify calls=6732 inclusive_us=54608 exclusive_us=29478 max_us=356
cost=kernel.motive_type calls=110 inclusive_us=141 exclusive_us=86 max_us=6
cost=kernel.register_datatype calls=12 inclusive_us=35 exclusive_us=35 max_us=10
cost=kernel.register_definition calls=2296 inclusive_us=95668 exclusive_us=28866 max_us=6571
cost=kernel.register_inductive calls=76 inclusive_us=1793 exclusive_us=1682 max_us=346
cost=kernel.register_parameter calls=126 inclusive_us=106 exclusive_us=48 max_us=12
cost=kernel.validate calls=1900 inclusive_us=1863 exclusive_us=1254 max_us=18
cost=resolve.total calls=1 inclusive_us=779582 exclusive_us=779582 max_us=779582
cost_group=kernel exclusive_us=514625
cost_group=resolve exclusive_us=779582
cost_count=resolve.declarations value=381
cost_count=resolve.reference-probes value=2154372
cost_count=resolve.references value=35383
cost_count=resolve.scopes value=121756
cost_total elapsed_us=2586764 accounted_us=1294208 unaccounted_us=1292555
