cost=kernel.check calls=149458 inclusive_us=1152395 exclusive_us=791035 max_us=14232
cost=kernel.check_context calls=205846 inclusive_us=134309 exclusive_us=129864 max_us=194
cost=kernel.convertible calls=5649 inclusive_us=9495 exclusive_us=9495 max_us=167
cost=kernel.erased_convertible calls=1405216 inclusive_us=277999 exclusive_us=277999 max_us=14155
cost=kernel.infer calls=50396 inclusive_us=125149 exclusive_us=72642 max_us=3878
cost=kernel.meta-check calls=125292 inclusive_us=619668 exclusive_us=215800 max_us=14232
cost=kernel.meta-finish calls=14136 inclusive_us=481700 exclusive_us=3216 max_us=20571
cost=kernel.meta-infer calls=7948 inclusive_us=186121 exclusive_us=101676 max_us=33771
cost=kernel.meta-solve_pending calls=14136 inclusive_us=471388 exclusive_us=43750 max_us=20479
cost=kernel.meta-unify calls=15955 inclusive_us=184166 exclusive_us=66563 max_us=700
cost=kernel.motive_type calls=110 inclusive_us=140 exclusive_us=86 max_us=6
cost=kernel.register_datatype calls=12 inclusive_us=33 exclusive_us=33 max_us=9
cost=kernel.register_definition calls=5079 inclusive_us=405628 exclusive_us=84596 max_us=9623
cost=kernel.register_inductive calls=174 inclusive_us=32294 exclusive_us=31704 max_us=3740
cost=kernel.register_parameter calls=190 inclusive_us=173 exclusive_us=81 max_us=11
cost=kernel.validate calls=5022 inclusive_us=7221 exclusive_us=4788 max_us=54
cost=resolve.total calls=1 inclusive_us=1563425 exclusive_us=1563425 max_us=1563425
cost_group=kernel exclusive_us=1833336
cost_group=resolve exclusive_us=1563425
cost_count=resolve.declarations value=738
cost_count=resolve.reference-probes value=4027934
cost_count=resolve.references value=74399
cost_count=resolve.scopes value=226337
cost_total elapsed_us=6628587 accounted_us=3396761 unaccounted_us=3231826
