cost=kernel.check calls=106075 inclusive_us=684414 exclusive_us=423967 max_us=48774
cost=kernel.check_context calls=131862 inclusive_us=93342 exclusive_us=90784 max_us=724
cost=kernel.convertible calls=153 inclusive_us=950 exclusive_us=950 max_us=279
cost=kernel.erased_convertible calls=629790 inclusive_us=218162 exclusive_us=218162 max_us=14524
cost=kernel.infer calls=22752 inclusive_us=57983 exclusive_us=33324 max_us=1286
cost=kernel.meta-check calls=90134 inclusive_us=370501 exclusive_us=99474 max_us=14611
cost=kernel.meta-finish calls=9038 inclusive_us=129217 exclusive_us=1829 max_us=2878
cost=kernel.meta-infer calls=10210 inclusive_us=50975 exclusive_us=21356 max_us=2973
cost=kernel.meta-solve_pending calls=9038 inclusive_us=124160 exclusive_us=16055 max_us=2820
cost=kernel.meta-unify calls=8666 inclusive_us=67911 exclusive_us=36490 max_us=290
cost=kernel.motive_type calls=110 inclusive_us=139 exclusive_us=85 max_us=7
cost=kernel.register_datatype calls=12 inclusive_us=33 exclusive_us=33 max_us=9
cost=kernel.register_definition calls=2511 inclusive_us=393544 exclusive_us=70593 max_us=56063
cost=kernel.register_inductive calls=109 inclusive_us=7689 exclusive_us=6293 max_us=1015
cost=kernel.register_parameter calls=448 inclusive_us=284 exclusive_us=132 max_us=12
cost=kernel.validate calls=2119 inclusive_us=2441 exclusive_us=1798 max_us=426
cost=resolve.total calls=1 inclusive_us=897985 exclusive_us=897985 max_us=897985
cost_group=kernel exclusive_us=1021333
cost_group=resolve exclusive_us=897985
cost_count=resolve.declarations value=499
cost_count=resolve.reference-probes value=2171187
cost_count=resolve.references value=38070
cost_count=resolve.scopes value=128625
cost_total elapsed_us=4679641 accounted_us=1919318 unaccounted_us=2760322
