cost=kernel.check calls=109678 inclusive_us=484989 exclusive_us=315836 max_us=14350
cost=kernel.check_context calls=138891 inclusive_us=67445 exclusive_us=66345 max_us=244
cost=kernel.convertible calls=171 inclusive_us=921 exclusive_us=921 max_us=110
cost=kernel.erased_convertible calls=648337 inclusive_us=132929 exclusive_us=132929 max_us=14269
cost=kernel.infer calls=25341 inclusive_us=52131 exclusive_us=32547 max_us=1455
cost=kernel.meta-check calls=91424 inclusive_us=398552 exclusive_us=136477 max_us=14350
cost=kernel.meta-finish calls=10914 inclusive_us=210096 exclusive_us=2280 max_us=18641
cost=kernel.meta-infer calls=6553 inclusive_us=117803 exclusive_us=76723 max_us=35653
cost=kernel.meta-solve_pending calls=10914 inclusive_us=202617 exclusive_us=26060 max_us=18549
cost=kernel.meta-unify calls=10894 inclusive_us=99707 exclusive_us=44750 max_us=330
cost=kernel.motive_type calls=110 inclusive_us=141 exclusive_us=87 max_us=7
cost=kernel.register_datatype calls=12 inclusive_us=34 exclusive_us=33 max_us=11
cost=kernel.register_definition calls=3435 inclusive_us=109592 exclusive_us=34299 max_us=5009
cost=kernel.register_inductive calls=99 inclusive_us=13065 exclusive_us=12906 max_us=4493
cost=kernel.register_parameter calls=130 inclusive_us=108 exclusive_us=53 max_us=13
cost=kernel.validate calls=3258 inclusive_us=3560 exclusive_us=2401 max_us=150
cost=resolve.total calls=1 inclusive_us=1156923 exclusive_us=1156923 max_us=1156923
cost_group=kernel exclusive_us=884656
cost_group=resolve exclusive_us=1156923
cost_count=resolve.declarations value=481
cost_count=resolve.reference-probes value=3750541
cost_count=resolve.references value=59185
cost_count=resolve.scopes value=151787
cost_total elapsed_us=4154267 accounted_us=2041580 unaccounted_us=2112687
