cost=kernel.check calls=62683 inclusive_us=295647 exclusive_us=188029 max_us=14745
cost=kernel.check_context calls=81576 inclusive_us=33709 exclusive_us=33081 max_us=308
cost=kernel.convertible calls=152 inclusive_us=719 exclusive_us=719 max_us=58
cost=kernel.erased_convertible calls=353940 inclusive_us=95084 exclusive_us=95084 max_us=14665
cost=kernel.infer calls=16458 inclusive_us=22476 exclusive_us=13760 max_us=1671
cost=kernel.meta-check calls=49218 inclusive_us=239864 exclusive_us=72971 max_us=14746
cost=kernel.meta-finish calls=8445 inclusive_us=105332 exclusive_us=1660 max_us=2202
cost=kernel.meta-infer calls=5445 inclusive_us=34128 exclusive_us=16466 max_us=2597
cost=kernel.meta-solve_pending calls=8445 inclusive_us=100908 exclusive_us=14769 max_us=2151
cost=kernel.meta-unify calls=6732 inclusive_us=53779 exclusive_us=28552 max_us=270
cost=kernel.motive_type calls=110 inclusive_us=151 exclusive_us=91 max_us=8
cost=kernel.register_datatype calls=12 inclusive_us=34 exclusive_us=34 max_us=9
cost=kernel.register_definition calls=2296 inclusive_us=89987 exclusive_us=27842 max_us=6179
cost=kernel.register_inductive calls=76 inclusive_us=1456 exclusive_us=1350 max_us=152
cost=kernel.register_parameter calls=126 inclusive_us=99 exclusive_us=49 max_us=12
cost=kernel.validate calls=1900 inclusive_us=1942 exclusive_us=1325 max_us=70
cost=resolve.total calls=1 inclusive_us=772058 exclusive_us=772058 max_us=772058
cost_group=kernel exclusive_us=495789
cost_group=resolve exclusive_us=772058
cost_count=resolve.declarations value=381
cost_count=resolve.reference-probes value=2154372
cost_count=resolve.references value=35383
cost_count=resolve.scopes value=121756
cost_total elapsed_us=2523972 accounted_us=1267848 unaccounted_us=1256124
