cost=kernel.check calls=149458 inclusive_us=1155554 exclusive_us=791135 max_us=15360
cost=kernel.check_context calls=205846 inclusive_us=136344 exclusive_us=131682 max_us=276
cost=kernel.convertible calls=5650 inclusive_us=9301 exclusive_us=9301 max_us=152
cost=kernel.erased_convertible calls=1405216 inclusive_us=276600 exclusive_us=276600 max_us=15282
cost=kernel.infer calls=50396 inclusive_us=125469 exclusive_us=72677 max_us=3624
cost=kernel.meta-check calls=125292 inclusive_us=623349 exclusive_us=217516 max_us=15361
cost=kernel.meta-finish calls=14136 inclusive_us=490280 exclusive_us=3232 max_us=19526
cost=kernel.meta-infer calls=7948 inclusive_us=191633 exclusive_us=105738 max_us=38270
cost=kernel.meta-solve_pending calls=14136 inclusive_us=480169 exclusive_us=46164 max_us=19433
cost=kernel.meta-unify calls=15955 inclusive_us=187808 exclusive_us=65887 max_us=810
cost=kernel.motive_type calls=110 inclusive_us=142 exclusive_us=87 max_us=7
cost=kernel.register_datatype calls=12 inclusive_us=47 exclusive_us=47 max_us=15
cost=kernel.register_definition calls=5079 inclusive_us=397939 exclusive_us=81286 max_us=9950
cost=kernel.register_inductive calls=174 inclusive_us=33991 exclusive_us=33464 max_us=3890
cost=kernel.register_parameter calls=190 inclusive_us=168 exclusive_us=80 max_us=12
cost=kernel.validate calls=5022 inclusive_us=7352 exclusive_us=4892 max_us=56
cost=resolve.total calls=1 inclusive_us=1522156 exclusive_us=1522156 max_us=1522156
cost_group=kernel exclusive_us=1839796
cost_group=resolve exclusive_us=1522156
cost_count=resolve.declarations value=738
cost_count=resolve.reference-probes value=4027934
cost_count=resolve.references value=74399
cost_count=resolve.scopes value=226337
cost_total elapsed_us=6589148 accounted_us=3361953 unaccounted_us=3227195
