cost=kernel.check calls=106075 inclusive_us=696009 exclusive_us=430777 max_us=47928
cost=kernel.check_context calls=131862 inclusive_us=95526 exclusive_us=92721 max_us=1052
cost=kernel.convertible calls=153 inclusive_us=771 exclusive_us=771 max_us=100
cost=kernel.erased_convertible calls=629790 inclusive_us=221508 exclusive_us=221508 max_us=14799
cost=kernel.infer calls=22752 inclusive_us=58029 exclusive_us=33171 max_us=1229
cost=kernel.meta-check calls=90134 inclusive_us=377091 exclusive_us=101460 max_us=14880
cost=kernel.meta-finish calls=9038 inclusive_us=129825 exclusive_us=1812 max_us=2544
cost=kernel.meta-infer calls=10210 inclusive_us=52167 exclusive_us=21690 max_us=2595
cost=kernel.meta-solve_pending calls=9038 inclusive_us=124812 exclusive_us=15896 max_us=2514
cost=kernel.meta-unify calls=8666 inclusive_us=68024 exclusive_us=36341 max_us=450
cost=kernel.motive_type calls=110 inclusive_us=142 exclusive_us=87 max_us=6
cost=kernel.register_datatype calls=12 inclusive_us=38 exclusive_us=38 max_us=13
cost=kernel.register_definition calls=2511 inclusive_us=400213 exclusive_us=72293 max_us=57088
cost=kernel.register_inductive calls=109 inclusive_us=7793 exclusive_us=6331 max_us=812
cost=kernel.register_parameter calls=448 inclusive_us=268 exclusive_us=120 max_us=11
cost=kernel.validate calls=2119 inclusive_us=1966 exclusive_us=1325 max_us=12
cost=resolve.total calls=1 inclusive_us=890036 exclusive_us=890036 max_us=890036
cost_group=kernel exclusive_us=1036349
cost_group=resolve exclusive_us=890036
cost_count=resolve.declarations value=499
cost_count=resolve.reference-probes value=2171187
cost_count=resolve.references value=38070
cost_count=resolve.scopes value=128625
cost_total elapsed_us=4716720 accounted_us=1926386 unaccounted_us=2790334
