cost=kernel.check calls=109678 inclusive_us=498190 exclusive_us=324031 max_us=16190
cost=kernel.check_context calls=138891 inclusive_us=68429 exclusive_us=67268 max_us=299
cost=kernel.convertible calls=171 inclusive_us=831 exclusive_us=831 max_us=68
cost=kernel.erased_convertible calls=648337 inclusive_us=137556 exclusive_us=137556 max_us=16086
cost=kernel.infer calls=25341 inclusive_us=53241 exclusive_us=33296 max_us=1238
cost=kernel.meta-check calls=91424 inclusive_us=408353 exclusive_us=139008 max_us=16191
cost=kernel.meta-finish calls=10914 inclusive_us=217579 exclusive_us=2346 max_us=22215
cost=kernel.meta-infer calls=6553 inclusive_us=118058 exclusive_us=76068 max_us=34248
cost=kernel.meta-solve_pending calls=10914 inclusive_us=210390 exclusive_us=27214 max_us=22116
cost=kernel.meta-unify calls=10894 inclusive_us=101090 exclusive_us=45357 max_us=366
cost=kernel.motive_type calls=110 inclusive_us=156 exclusive_us=101 max_us=19
cost=kernel.register_datatype calls=12 inclusive_us=34 exclusive_us=34 max_us=9
cost=kernel.register_definition calls=3435 inclusive_us=109187 exclusive_us=35006 max_us=5479
cost=kernel.register_inductive calls=99 inclusive_us=11656 exclusive_us=11484 max_us=3857
cost=kernel.register_parameter calls=130 inclusive_us=105 exclusive_us=49 max_us=15
cost=kernel.validate calls=3258 inclusive_us=3337 exclusive_us=2163 max_us=24
cost=resolve.total calls=1 inclusive_us=1176698 exclusive_us=1176698 max_us=1176698
cost_group=kernel exclusive_us=901822
cost_group=resolve exclusive_us=1176698
cost_count=resolve.declarations value=481
cost_count=resolve.reference-probes value=3750541
cost_count=resolve.references value=59185
cost_count=resolve.scopes value=151787
cost_total elapsed_us=4219155 accounted_us=2078521 unaccounted_us=2140634
