cost=kernel.check calls=62683 inclusive_us=297135 exclusive_us=187359 max_us=15128
cost=kernel.check_context calls=81576 inclusive_us=33028 exclusive_us=32427 max_us=212
cost=kernel.convertible calls=152 inclusive_us=708 exclusive_us=708 max_us=57
cost=kernel.erased_convertible calls=353940 inclusive_us=98603 exclusive_us=98603 max_us=15048
cost=kernel.infer calls=16458 inclusive_us=22750 exclusive_us=13843 max_us=1269
cost=kernel.meta-check calls=49218 inclusive_us=243944 exclusive_us=73940 max_us=15128
cost=kernel.meta-finish calls=8445 inclusive_us=104044 exclusive_us=1593 max_us=2214
cost=kernel.meta-infer calls=5445 inclusive_us=33650 exclusive_us=16333 max_us=2671
cost=kernel.meta-solve_pending calls=8445 inclusive_us=99704 exclusive_us=14034 max_us=2157
cost=kernel.meta-unify calls=6732 inclusive_us=53448 exclusive_us=28310 max_us=352
cost=kernel.motive_type calls=110 inclusive_us=151 exclusive_us=91 max_us=6
cost=kernel.register_datatype calls=12 inclusive_us=36 exclusive_us=36 max_us=10
cost=kernel.register_definition calls=2296 inclusive_us=91422 exclusive_us=29005 max_us=6704
cost=kernel.register_inductive calls=76 inclusive_us=1527 exclusive_us=1422 max_us=165
cost=kernel.register_parameter calls=126 inclusive_us=93 exclusive_us=45 max_us=9
cost=kernel.validate calls=1900 inclusive_us=1924 exclusive_us=1261 max_us=30
cost=resolve.total calls=1 inclusive_us=772014 exclusive_us=772014 max_us=772014
cost_group=kernel exclusive_us=499017
cost_group=resolve exclusive_us=772014
cost_count=resolve.declarations value=381
cost_count=resolve.reference-probes value=2154372
cost_count=resolve.references value=35383
cost_count=resolve.scopes value=121756
cost_total elapsed_us=2520659 accounted_us=1271031 unaccounted_us=1249628
