cost=kernel.check calls=149458 inclusive_us=1147697 exclusive_us=785757 max_us=15446
cost=kernel.check_context calls=205846 inclusive_us=136071 exclusive_us=131724 max_us=865
cost=kernel.convertible calls=5649 inclusive_us=9028 exclusive_us=9028 max_us=59
cost=kernel.erased_convertible calls=1405216 inclusive_us=277120 exclusive_us=277120 max_us=15366
cost=kernel.infer calls=50396 inclusive_us=121525 exclusive_us=70657 max_us=3614
cost=kernel.meta-check calls=125292 inclusive_us=622364 exclusive_us=214390 max_us=15447
cost=kernel.meta-finish calls=14136 inclusive_us=478112 exclusive_us=3166 max_us=18996
cost=kernel.meta-infer calls=7948 inclusive_us=186002 exclusive_us=102381 max_us=34690
cost=kernel.meta-solve_pending calls=14136 inclusive_us=467659 exclusive_us=43396 max_us=18904
cost=kernel.meta-unify calls=15955 inclusive_us=186665 exclusive_us=65741 max_us=1184
cost=kernel.motive_type calls=110 inclusive_us=151 exclusive_us=92 max_us=7
cost=kernel.register_datatype calls=12 inclusive_us=32 exclusive_us=32 max_us=9
cost=kernel.register_definition calls=5079 inclusive_us=396684 exclusive_us=80836 max_us=9841
cost=kernel.register_inductive calls=174 inclusive_us=33602 exclusive_us=33042 max_us=3738
cost=kernel.register_parameter calls=190 inclusive_us=163 exclusive_us=78 max_us=13
cost=kernel.validate calls=5022 inclusive_us=7368 exclusive_us=4903 max_us=81
cost=resolve.total calls=1 inclusive_us=1543055 exclusive_us=1543055 max_us=1543055
cost_group=kernel exclusive_us=1822350
cost_group=resolve exclusive_us=1543055
cost_count=resolve.declarations value=738
cost_count=resolve.reference-probes value=4027934
cost_count=resolve.references value=74399
cost_count=resolve.scopes value=226337
cost_total elapsed_us=6566976 accounted_us=3365405 unaccounted_us=3201570
