cost=bridge.expression calls=13940 inclusive_us=106082 exclusive_us=52120 max_us=3238
cost=bridge.logical_in_scope calls=94257 inclusive_us=2223216 exclusive_us=1310874 max_us=16768
cost=bridge.prepare calls=115508 inclusive_us=269360 exclusive_us=269137 max_us=502
cost=bridge.program calls=7311 inclusive_us=41394 exclusive_us=16204 max_us=6720
cost=kernel.check calls=106075 inclusive_us=669863 exclusive_us=410721 max_us=46798
cost=kernel.check_context calls=131862 inclusive_us=94494 exclusive_us=91988 max_us=698
cost=kernel.convertible calls=153 inclusive_us=748 exclusive_us=748 max_us=67
cost=kernel.erased_convertible calls=629790 inclusive_us=215088 exclusive_us=215088 max_us=14906
cost=kernel.infer calls=22752 inclusive_us=56091 exclusive_us=31553 max_us=1445
cost=kernel.meta-check calls=90134 inclusive_us=373718 exclusive_us=101356 max_us=14986
cost=kernel.meta-finish calls=9038 inclusive_us=129229 exclusive_us=1826 max_us=3474
cost=kernel.meta-infer calls=10210 inclusive_us=48909 exclusive_us=20089 max_us=2727
cost=kernel.meta-solve_pending calls=9038 inclusive_us=124302 exclusive_us=16390 max_us=3454
cost=kernel.meta-unify calls=8666 inclusive_us=68576 exclusive_us=36661 max_us=488
cost=kernel.motive_type calls=110 inclusive_us=138 exclusive_us=83 max_us=6
cost=kernel.register_datatype calls=12 inclusive_us=34 exclusive_us=34 max_us=9
cost=kernel.register_definition calls=2511 inclusive_us=378987 exclusive_us=68586 max_us=53808
cost=kernel.register_inductive calls=109 inclusive_us=7326 exclusive_us=5922 max_us=778
cost=kernel.register_parameter calls=448 inclusive_us=291 exclusive_us=144 max_us=12
cost=kernel.validate calls=2119 inclusive_us=1961 exclusive_us=1318 max_us=14
cost=lower.lower_datatype calls=12 inclusive_us=170 exclusive_us=53 max_us=35
cost=lower.lower_definition calls=2511 inclusive_us=436865 exclusive_us=57452 max_us=54065
cost=lower.lower_inductive calls=109 inclusive_us=9390 exclusive_us=1943 max_us=876
cost=materialize.definition calls=579908 inclusive_us=41142 exclusive_us=20536 max_us=2197
cost=names.get-item calls=184644 inclusive_us=36371 exclusive_us=36348 max_us=210
cost=names.resolve-access calls=80 inclusive_us=22 exclusive_us=22 max_us=0
cost=namespace.bind calls=425 inclusive_us=19192 exclusive_us=13756 max_us=768
cost=namespace.reuse-datatype calls=44 inclusive_us=14 exclusive_us=14 max_us=1
cost=namespace.reuse-definition calls=3428 inclusive_us=3355 exclusive_us=2506 max_us=175
cost=namespace.reuse-inductive calls=158 inclusive_us=211 exclusive_us=175 max_us=15
cost=query.check-batch calls=1 inclusive_us=3547407 exclusive_us=763745 max_us=3547407
cost=query.collect-analysis calls=1 inclusive_us=40988 exclusive_us=40988 max_us=40988
cost=query.drop-workspace calls=1 inclusive_us=71360 exclusive_us=71360 max_us=71360
cost=query.graph calls=1 inclusive_us=41178 exclusive_us=41178 max_us=41178
cost=query.resolve calls=1 inclusive_us=1656175 exclusive_us=15128 max_us=1656175
cost=query.total calls=1 inclusive_us=5453602 exclusive_us=59620 max_us=5453602
cost=resolve.access calls=248261 inclusive_us=10578 exclusive_us=10578 max_us=14
cost=resolve.assemble calls=493 inclusive_us=1872 exclusive_us=440 max_us=299
cost=resolve.expressions calls=8742 inclusive_us=21677 exclusive_us=13188 max_us=465
cost=resolve.front-binding calls=10161725 inclusive_us=425668 exclusive_us=425668 max_us=757
cost=resolve.import calls=470 inclusive_us=498883 exclusive_us=1623 max_us=97001
cost=resolve.instantiate calls=1105 inclusive_us=191624 exclusive_us=191624 max_us=1264
cost=resolve.lexical calls=8768 inclusive_us=11600 exclusive_us=11600 max_us=344
cost=resolve.lower-syntax calls=1 inclusive_us=22103 exclusive_us=22103 max_us=22103
cost=resolve.macro-expansion calls=8742 inclusive_us=44591 exclusive_us=44591 max_us=1044
cost=resolve.module calls=1451 inclusive_us=3364487 exclusive_us=18861 max_us=658688
cost=resolve.module-argument-bindings calls=8766 inclusive_us=3014 exclusive_us=2912 max_us=176
cost=resolve.reserve calls=493 inclusive_us=2418 exclusive_us=871 max_us=410
cost=resolve.structure-normalization calls=1983772 inclusive_us=14501821 exclusive_us=842419 max_us=101819
cost=resolve.structure-parameters calls=2748 inclusive_us=11188 exclusive_us=3786 max_us=400
cost=resolve.total calls=1 inclusive_us=1641046 exclusive_us=50776 max_us=1641046
cost=source.load calls=1 inclusive_us=36870 exclusive_us=36870 max_us=36870
cost=source.snapshot calls=1 inclusive_us=4474 exclusive_us=4474 max_us=4474
cost_group=bridge exclusive_us=1648337
cost_group=kernel exclusive_us=1002514
cost_group=lower exclusive_us=59449
cost_group=materialize exclusive_us=20536
cost_group=names exclusive_us=36371
cost_group=namespace exclusive_us=16452
cost_group=query exclusive_us=992022
cost_group=resolve exclusive_us=1641046
cost_group=source exclusive_us=41345
cost_count=resolve.declarations value=499
cost_count=resolve.reference-probes value=2171187
cost_count=resolve.references value=38070
cost_count=resolve.scopes value=128625
cost_total elapsed_us=5481869 accounted_us=5458077 unaccounted_us=23791
