cost=bridge.expression calls=6132 inclusive_us=69222 exclusive_us=41111 max_us=3085
cost=bridge.logical_in_scope calls=85148 inclusive_us=1450945 exclusive_us=617476 max_us=31872
cost=bridge.prepare calls=98591 inclusive_us=186112 exclusive_us=185696 max_us=333
cost=bridge.program calls=7311 inclusive_us=39952 exclusive_us=16095 max_us=5498
cost=kernel.check calls=109678 inclusive_us=473149 exclusive_us=305651 max_us=15163
cost=kernel.check_context calls=138891 inclusive_us=66114 exclusive_us=64939 max_us=295
cost=kernel.convertible calls=171 inclusive_us=754 exclusive_us=754 max_us=58
cost=kernel.erased_convertible calls=648337 inclusive_us=133453 exclusive_us=133453 max_us=15089
cost=kernel.infer calls=25341 inclusive_us=50871 exclusive_us=31468 max_us=1387
cost=kernel.meta-check calls=91424 inclusive_us=392069 exclusive_us=135560 max_us=15164
cost=kernel.meta-finish calls=10914 inclusive_us=205928 exclusive_us=2269 max_us=18266
cost=kernel.meta-infer calls=6553 inclusive_us=112621 exclusive_us=72173 max_us=31516
cost=kernel.meta-solve_pending calls=10914 inclusive_us=198912 exclusive_us=26713 max_us=18177
cost=kernel.meta-unify calls=10894 inclusive_us=97975 exclusive_us=44270 max_us=385
cost=kernel.motive_type calls=110 inclusive_us=140 exclusive_us=85 max_us=7
cost=kernel.register_datatype calls=12 inclusive_us=35 exclusive_us=35 max_us=10
cost=kernel.register_definition calls=3435 inclusive_us=107319 exclusive_us=34601 max_us=5447
cost=kernel.register_inductive calls=99 inclusive_us=11833 exclusive_us=11635 max_us=3752
cost=kernel.register_parameter calls=130 inclusive_us=97 exclusive_us=49 max_us=10
cost=kernel.validate calls=3258 inclusive_us=3181 exclusive_us=2046 max_us=21
cost=lower.lower_datatype calls=12 inclusive_us=203 exclusive_us=55 max_us=53
cost=lower.lower_definition calls=3435 inclusive_us=172406 exclusive_us=64572 max_us=5470
cost=lower.lower_inductive calls=99 inclusive_us=13131 exclusive_us=1138 max_us=3770
cost=materialize.definition calls=768638 inclusive_us=41021 exclusive_us=24208 max_us=756
cost=names.get-item calls=145208 inclusive_us=24746 exclusive_us=24732 max_us=294
cost=names.resolve-access calls=52 inclusive_us=14 exclusive_us=14 max_us=0
cost=namespace.bind calls=495 inclusive_us=29210 exclusive_us=23674 max_us=1053
cost=namespace.reuse-datatype calls=44 inclusive_us=14 exclusive_us=14 max_us=0
cost=namespace.reuse-definition calls=5378 inclusive_us=3879 exclusive_us=2967 max_us=139
cost=namespace.reuse-inductive calls=182 inclusive_us=215 exclusive_us=180 max_us=14
cost=query.check-batch calls=1 inclusive_us=2629638 exclusive_us=761991 max_us=2629638
cost=query.collect-analysis calls=1 inclusive_us=58019 exclusive_us=58019 max_us=58019
cost=query.drop-workspace calls=1 inclusive_us=91734 exclusive_us=91734 max_us=91734
cost=query.graph calls=1 inclusive_us=60384 exclusive_us=60384 max_us=60384
cost=query.resolve calls=1 inclusive_us=2214887 exclusive_us=23389 max_us=2214887
cost=query.total calls=1 inclusive_us=5185836 exclusive_us=74541 max_us=5185836
cost=resolve.access calls=183497 inclusive_us=11518 exclusive_us=11518 max_us=63
cost=resolve.assemble calls=478 inclusive_us=1631 exclusive_us=361 max_us=325
cost=resolve.expressions calls=10880 inclusive_us=21450 exclusive_us=10878 max_us=150
cost=resolve.front-binding calls=13750044 inclusive_us=647459 exclusive_us=647459 max_us=1669
cost=resolve.import calls=542 inclusive_us=583213 exclusive_us=1939 max_us=98129
cost=resolve.instantiate calls=1263 inclusive_us=228725 exclusive_us=228725 max_us=1251
cost=resolve.lexical calls=10908 inclusive_us=12286 exclusive_us=12286 max_us=212
cost=resolve.lower-syntax calls=1 inclusive_us=35612 exclusive_us=35612 max_us=35612
cost=resolve.macro-expansion calls=10880 inclusive_us=59524 exclusive_us=59524 max_us=1165
cost=resolve.module calls=1628 inclusive_us=4972622 exclusive_us=17118 max_us=649598
cost=resolve.module-argument-bindings calls=10904 inclusive_us=3893 exclusive_us=3755 max_us=224
cost=resolve.reserve calls=478 inclusive_us=3072 exclusive_us=957 max_us=544
cost=resolve.structure-normalization calls=2910566 inclusive_us=19924740 exclusive_us=1095901 max_us=101448
cost=resolve.structure-parameters calls=3610 inclusive_us=8017 exclusive_us=3712 max_us=94
cost=resolve.total calls=1 inclusive_us=2191497 exclusive_us=61746 max_us=2191497
cost=source.load calls=1 inclusive_us=56630 exclusive_us=56630 max_us=56630
cost=source.snapshot calls=1 inclusive_us=3858 exclusive_us=3858 max_us=3858
cost_group=bridge exclusive_us=860379
cost_group=kernel exclusive_us=865706
cost_group=lower exclusive_us=65766
cost_group=materialize exclusive_us=24208
cost_group=names exclusive_us=24746
cost_group=namespace exclusive_us=26837
cost_group=query exclusive_us=1070060
cost_group=resolve exclusive_us=2191497
cost_group=source exclusive_us=60489
cost_count=resolve.declarations value=481
cost_count=resolve.reference-probes value=3750541
cost_count=resolve.references value=59185
cost_count=resolve.scopes value=151787
cost_total elapsed_us=5216949 accounted_us=5189694 unaccounted_us=27255
