cost=bridge.expression calls=3203 inclusive_us=45101 exclusive_us=21199 max_us=5214
cost=bridge.logical_in_scope calls=46662 inclusive_us=792011 exclusive_us=319893 max_us=14222
cost=bridge.prepare calls=57176 inclusive_us=97595 exclusive_us=97418 max_us=2493
cost=bridge.program calls=7311 inclusive_us=42154 exclusive_us=16875 max_us=6004
cost=kernel.check calls=62683 inclusive_us=307092 exclusive_us=195083 max_us=14141
cost=kernel.check_context calls=81576 inclusive_us=35031 exclusive_us=34418 max_us=218
cost=kernel.convertible calls=152 inclusive_us=685 exclusive_us=685 max_us=59
cost=kernel.erased_convertible calls=353940 inclusive_us=99179 exclusive_us=99179 max_us=14047
cost=kernel.infer calls=16458 inclusive_us=23761 exclusive_us=14698 max_us=1320
cost=kernel.meta-check calls=49218 inclusive_us=251436 exclusive_us=77894 max_us=14142
cost=kernel.meta-finish calls=8445 inclusive_us=108583 exclusive_us=1573 max_us=3959
cost=kernel.meta-infer calls=5445 inclusive_us=33722 exclusive_us=16601 max_us=2560
cost=kernel.meta-solve_pending calls=8445 inclusive_us=104169 exclusive_us=14678 max_us=3906
cost=kernel.meta-unify calls=6732 inclusive_us=56264 exclusive_us=29737 max_us=1239
cost=kernel.motive_type calls=110 inclusive_us=151 exclusive_us=94 max_us=8
cost=kernel.register_datatype calls=12 inclusive_us=35 exclusive_us=35 max_us=10
cost=kernel.register_definition calls=2296 inclusive_us=95957 exclusive_us=28269 max_us=5956
cost=kernel.register_inductive calls=76 inclusive_us=1505 exclusive_us=1398 max_us=144
cost=kernel.register_parameter calls=126 inclusive_us=89 exclusive_us=45 max_us=11
cost=kernel.validate calls=1900 inclusive_us=1907 exclusive_us=1299 max_us=21
cost=lower.lower_datatype calls=12 inclusive_us=179 exclusive_us=56 max_us=34
cost=lower.lower_definition calls=2296 inclusive_us=140285 exclusive_us=43960 max_us=5977
cost=lower.lower_inductive calls=76 inclusive_us=2504 exclusive_us=890 max_us=157
cost=materialize.definition calls=316760 inclusive_us=26383 exclusive_us=12275 max_us=720
cost=names.get-item calls=94352 inclusive_us=16728 exclusive_us=16721 max_us=163
cost=names.resolve-access calls=28 inclusive_us=7 exclusive_us=7 max_us=0
cost=namespace.bind calls=379 inclusive_us=17347 exclusive_us=12960 max_us=704
cost=namespace.reuse-datatype calls=44 inclusive_us=15 exclusive_us=15 max_us=1
cost=namespace.reuse-definition calls=3297 inclusive_us=2958 exclusive_us=2144 max_us=130
cost=namespace.reuse-inductive calls=132 inclusive_us=148 exclusive_us=108 max_us=14
cost=query.check-batch calls=1 inclusive_us=1561151 exclusive_us=500928 max_us=1561151
cost=query.collect-analysis calls=1 inclusive_us=38898 exclusive_us=38898 max_us=38898
cost=query.drop-workspace calls=1 inclusive_us=52090 exclusive_us=52090 max_us=52090
cost=query.graph calls=1 inclusive_us=36977 exclusive_us=36977 max_us=36977
cost=query.resolve calls=1 inclusive_us=1454293 exclusive_us=13985 max_us=1454293
cost=query.total calls=1 inclusive_us=3226775 exclusive_us=49400 max_us=3226775
cost=resolve.access calls=118117 inclusive_us=7857 exclusive_us=7857 max_us=183
cost=resolve.assemble calls=433 inclusive_us=1309 exclusive_us=281 max_us=281
cost=resolve.expressions calls=7816 inclusive_us=13824 exclusive_us=7029 max_us=192
cost=resolve.front-binding calls=8295141 inclusive_us=401009 exclusive_us=401009 max_us=920
cost=resolve.import calls=424 inclusive_us=508024 exclusive_us=1430 max_us=95594
cost=resolve.instantiate calls=1010 inclusive_us=185621 exclusive_us=185621 max_us=1287
cost=resolve.lexical calls=7842 inclusive_us=7226 exclusive_us=7226 max_us=113
cost=resolve.lower-syntax calls=1 inclusive_us=20506 exclusive_us=20506 max_us=20506
cost=resolve.macro-expansion calls=7816 inclusive_us=40451 exclusive_us=40451 max_us=1021
cost=resolve.module calls=1292 inclusive_us=2895434 exclusive_us=15015 max_us=683548
cost=resolve.module-argument-bindings calls=7840 inclusive_us=2646 exclusive_us=2527 max_us=176
cost=resolve.reserve calls=433 inclusive_us=3322 exclusive_us=939 max_us=709
cost=resolve.structure-normalization calls=1762380 inclusive_us=12646168 exclusive_us=701695 max_us=106868
cost=resolve.structure-parameters calls=2545 inclusive_us=5622 exclusive_us=2591 max_us=66
cost=resolve.total calls=1 inclusive_us=1440308 exclusive_us=46123 max_us=1440308
cost=source.load calls=1 inclusive_us=33964 exclusive_us=33964 max_us=33964
cost=source.snapshot calls=1 inclusive_us=3239 exclusive_us=3239 max_us=3239
cost_group=bridge exclusive_us=455387
cost_group=kernel exclusive_us=515695
cost_group=lower exclusive_us=44906
cost_group=materialize exclusive_us=12275
cost_group=names exclusive_us=16728
cost_group=namespace exclusive_us=15229
cost_group=query exclusive_us=692279
cost_group=resolve exclusive_us=1440308
cost_group=source exclusive_us=37203
cost_count=resolve.declarations value=381
cost_count=resolve.reference-probes value=2154372
cost_count=resolve.references value=35383
cost_count=resolve.scopes value=121756
cost_total elapsed_us=3251085 accounted_us=3230014 unaccounted_us=21070
