cost=bridge.expression calls=23771 inclusive_us=180398 exclusive_us=98689 max_us=3424
cost=bridge.logical_in_scope calls=115902 inclusive_us=2534554 exclusive_us=956059 max_us=27195
cost=bridge.prepare calls=146984 inclusive_us=308036 exclusive_us=303611 max_us=1460
cost=bridge.program calls=7311 inclusive_us=43830 exclusive_us=17471 max_us=7279
cost=kernel.check calls=149458 inclusive_us=1154705 exclusive_us=786711 max_us=14755
cost=kernel.check_context calls=205846 inclusive_us=138120 exclusive_us=133288 max_us=384
cost=kernel.convertible calls=5650 inclusive_us=9330 exclusive_us=9330 max_us=110
cost=kernel.erased_convertible calls=1405216 inclusive_us=282666 exclusive_us=282666 max_us=14679
cost=kernel.infer calls=50396 inclusive_us=124661 exclusive_us=70732 max_us=3369
cost=kernel.meta-check calls=125292 inclusive_us=622380 exclusive_us=213567 max_us=14756
cost=kernel.meta-finish calls=14136 inclusive_us=484778 exclusive_us=3245 max_us=19394
cost=kernel.meta-infer calls=7948 inclusive_us=179992 exclusive_us=94625 max_us=26888
cost=kernel.meta-solve_pending calls=14136 inclusive_us=473778 exclusive_us=45928 max_us=19300
cost=kernel.meta-unify calls=15955 inclusive_us=189132 exclusive_us=68392 max_us=1182
cost=kernel.motive_type calls=110 inclusive_us=172 exclusive_us=112 max_us=14
cost=kernel.register_datatype calls=12 inclusive_us=33 exclusive_us=33 max_us=9
cost=kernel.register_definition calls=5079 inclusive_us=410539 exclusive_us=87448 max_us=11858
cost=kernel.register_inductive calls=174 inclusive_us=33471 exclusive_us=32771 max_us=4361
cost=kernel.register_parameter calls=190 inclusive_us=179 exclusive_us=79 max_us=31
cost=kernel.validate calls=5022 inclusive_us=7626 exclusive_us=5094 max_us=215
cost=lower.lower_datatype calls=12 inclusive_us=174 exclusive_us=55 max_us=34
cost=lower.lower_definition calls=5079 inclusive_us=516838 exclusive_us=105497 max_us=12007
cost=lower.lower_inductive calls=174 inclusive_us=36407 exclusive_us=2597 max_us=4381
cost=materialize.definition calls=1007712 inclusive_us=136992 exclusive_us=45420 max_us=7121
cost=names.get-item calls=174561 inclusive_us=32339 exclusive_us=32291 max_us=153
cost=names.resolve-access calls=152 inclusive_us=47 exclusive_us=47 max_us=1
cost=namespace.bind calls=850 inclusive_us=181857 exclusive_us=91871 max_us=5610
cost=namespace.reuse-datatype calls=45 inclusive_us=15 exclusive_us=15 max_us=0
cost=namespace.reuse-definition calls=36846 inclusive_us=78342 exclusive_us=56702 max_us=539
cost=namespace.reuse-inductive calls=2220 inclusive_us=2879 exclusive_us=2825 max_us=42
cost=query.check-batch calls=1 inclusive_us=4649686 exclusive_us=1102499 max_us=4649686
cost=query.collect-analysis calls=1 inclusive_us=70740 exclusive_us=70740 max_us=70740
cost=query.drop-workspace calls=1 inclusive_us=154998 exclusive_us=154998 max_us=154998
cost=query.graph calls=1 inclusive_us=83172 exclusive_us=83172 max_us=83172
cost=query.resolve calls=1 inclusive_us=2698603 exclusive_us=32641 max_us=2698603
cost=query.total calls=1 inclusive_us=7838692 exclusive_us=102854 max_us=7838692
cost=resolve.access calls=224379 inclusive_us=15356 exclusive_us=15356 max_us=323
cost=resolve.assemble calls=549 inclusive_us=1747 exclusive_us=409 max_us=315
cost=resolve.expressions calls=13917 inclusive_us=28208 exclusive_us=13819 max_us=371
cost=resolve.front-binding calls=14557986 inclusive_us=719359 exclusive_us=719359 max_us=2188
cost=resolve.import calls=887 inclusive_us=832796 exclusive_us=3612 max_us=102635
cost=resolve.instantiate calls=1981 inclusive_us=431811 exclusive_us=431811 max_us=2187
cost=resolve.lexical calls=13945 inclusive_us=16299 exclusive_us=16299 max_us=256
cost=resolve.lower-syntax calls=1 inclusive_us=53696 exclusive_us=53696 max_us=53696
cost=resolve.macro-expansion calls=13917 inclusive_us=70847 exclusive_us=70847 max_us=1166
cost=resolve.module calls=2337 inclusive_us=5738089 exclusive_us=21400 max_us=673838
cost=resolve.module-argument-bindings calls=13941 inclusive_us=5104 exclusive_us=4985 max_us=249
cost=resolve.reserve calls=549 inclusive_us=3246 exclusive_us=1049 max_us=502
cost=resolve.structure-normalization calls=3040504 inclusive_us=21740880 exclusive_us=1198055 max_us=104392
cost=resolve.structure-parameters calls=4386 inclusive_us=12178 exclusive_us=5306 max_us=73
cost=resolve.total calls=1 inclusive_us=2665962 exclusive_us=109952 max_us=2665962
cost=source.load calls=1 inclusive_us=78636 exclusive_us=78636 max_us=78636
cost=source.snapshot calls=1 inclusive_us=5191 exclusive_us=5191 max_us=5191
cost_group=bridge exclusive_us=1375832
cost_group=kernel exclusive_us=1834028
cost_group=lower exclusive_us=108151
cost_group=materialize exclusive_us=45420
cost_group=names exclusive_us=32339
cost_group=namespace exclusive_us=151415
cost_group=query exclusive_us=1546907
cost_group=resolve exclusive_us=2665962
cost_group=source exclusive_us=83827
cost_count=resolve.declarations value=738
cost_count=resolve.reference-probes value=4027934
cost_count=resolve.references value=74399
cost_count=resolve.scopes value=226337
cost_total elapsed_us=7878653 accounted_us=7843884 unaccounted_us=34769
