\import std.Alg[].Ring[] \as Ring;
\import std.Alg[].Alg[] \as Alg;
\import category.Category[] \as Cat;
\import category.Preadditive[] \as Pre;
\module Over(R: \Set, ring: Ring.Ring[R]) {
  \import algebra.Module[].Over[R := R, ring := ring] \as Modules;
  \module On(Index: \Set, family: Modules.Family[Index]);
}
