\module Interval;
\module Cylinder(A: \Set);
\module TimeSubdivision(A: \Set);
\module Homotopy(A, B: \Set);
\module Pointed(A: \Set);
\module Collapse(A: \Set, subset: \Pow A);
\module Cone(A: \Set);
\module Suspension(A: \Set);
\module Smash(A, B: \Set);
\module HomotopyEquivalence(A, B: \Set);
\module Cofiber(A, B: \Set);
\module Cofibration(A: \Set, subset: \Pow A);
\module Euclidean;
\module CW(A: \Set);
\module IntervalFunctions(A: \Set);
