investigation reserve DefId { module: ModuleId(2), index: 0 } origin DefId { module: ModuleId(2), index: 0 } remap=DeclarationRemapping { module_ids: {ModuleId(2): ModuleId(6), ModuleId(1): ModuleId(5)}, definition_ids: {}, inductive_ids: {InductiveId { module: ModuleId(1), index: 0 }: InductiveId { module: ModuleId(1), index: 0 }}, program_inductive_ids: {} }
  argument ModuleParamId { module: ModuleId(2), position: 0 } := \root.Repro.Outer.Representation
investigation materialize DefId { module: ModuleId(6), index: 0 } from DefId { module: ModuleId(2), index: 0 } remap=DeclarationRemapping { module_ids: {ModuleId(2): ModuleId(6), ModuleId(1): ModuleId(5)}, definition_ids: {DefId { module: ModuleId(2), index: 0 }: DefId { module: ModuleId(6), index: 0 }}, inductive_ids: {InductiveId { module: ModuleId(1), index: 0 }: InductiveId { module: ModuleId(1), index: 0 }}, program_inductive_ids: {} }
  substitute ModuleParamId { module: ModuleId(2), position: 0 } := \root.Repro.Outer.Representation
  binder x: \root.Repro.Outer.Representation
  type \root.Repro.Outer.Representation
  body #0
investigation reserve DefId { module: ModuleId(6), index: 0 } origin DefId { module: ModuleId(2), index: 0 } remap=DeclarationRemapping { module_ids: {ModuleId(5): ModuleId(8), ModuleId(6): ModuleId(9), ModuleId(1): ModuleId(7)}, definition_ids: {}, inductive_ids: {InductiveId { module: ModuleId(1), index: 0 }: InductiveId { module: ModuleId(1), index: 0 }}, program_inductive_ids: {} }
  argument ModuleParamId { module: ModuleId(2), position: 0 } := \root.Repro.Outer.Representation
investigation reserve DefId { module: ModuleId(3), index: 0 } origin DefId { module: ModuleId(3), index: 0 } remap=DeclarationRemapping { module_ids: {ModuleId(6): ModuleId(9), ModuleId(1): ModuleId(7), ModuleId(5): ModuleId(8), ModuleId(3): ModuleId(10)}, definition_ids: {DefId { module: ModuleId(6), index: 0 }: DefId { module: ModuleId(6), index: 0 }}, inductive_ids: {InductiveId { module: ModuleId(1), index: 0 }: InductiveId { module: ModuleId(1), index: 0 }}, program_inductive_ids: {} }
  argument ModuleParamId { module: ModuleId(3), position: 0 } := \root.Repro.Unit::unit
investigation reserve DefId { module: ModuleId(3), index: 1 } origin DefId { module: ModuleId(3), index: 1 } remap=DeclarationRemapping { module_ids: {ModuleId(6): ModuleId(9), ModuleId(1): ModuleId(7), ModuleId(5): ModuleId(8), ModuleId(3): ModuleId(10)}, definition_ids: {DefId { module: ModuleId(3), index: 0 }: DefId { module: ModuleId(10), index: 0 }, DefId { module: ModuleId(6), index: 0 }: DefId { module: ModuleId(6), index: 0 }}, inductive_ids: {InductiveId { module: ModuleId(1), index: 0 }: InductiveId { module: ModuleId(1), index: 0 }}, program_inductive_ids: {} }
  argument ModuleParamId { module: ModuleId(3), position: 0 } := \root.Repro.Unit::unit
investigation materialize DefId { module: ModuleId(10), index: 0 } from DefId { module: ModuleId(3), index: 0 } remap=DeclarationRemapping { module_ids: {ModuleId(6): ModuleId(9), ModuleId(1): ModuleId(7), ModuleId(5): ModuleId(8), ModuleId(3): ModuleId(10)}, definition_ids: {DefId { module: ModuleId(3), index: 0 }: DefId { module: ModuleId(10), index: 0 }, DefId { module: ModuleId(6), index: 0 }: DefId { module: ModuleId(6), index: 0 }, DefId { module: ModuleId(3), index: 1 }: DefId { module: ModuleId(10), index: 1 }}, inductive_ids: {InductiveId { module: ModuleId(1), index: 0 }: InductiveId { module: ModuleId(1), index: 0 }}, program_inductive_ids: {} }
  substitute ModuleParamId { module: ModuleId(3), position: 0 } := \root.Repro.Unit::unit
investigation materialize DefId { module: ModuleId(10), index: 1 } from DefId { module: ModuleId(3), index: 1 } remap=DeclarationRemapping { module_ids: {ModuleId(6): ModuleId(9), ModuleId(1): ModuleId(7), ModuleId(5): ModuleId(8), ModuleId(3): ModuleId(10)}, definition_ids: {DefId { module: ModuleId(3), index: 0 }: DefId { module: ModuleId(10), index: 0 }, DefId { module: ModuleId(6), index: 0 }: DefId { module: ModuleId(6), index: 0 }, DefId { module: ModuleId(3), index: 1 }: DefId { module: ModuleId(10), index: 1 }}, inductive_ids: {InductiveId { module: ModuleId(1), index: 0 }: InductiveId { module: ModuleId(1), index: 0 }}, program_inductive_ids: {} }
  substitute ModuleParamId { module: ModuleId(3), position: 0 } := \root.Repro.Unit::unit
  binder x: \root.Repro.Outer[u := \root.Repro.Unit::unit].Representation
  type \root.Repro.Outer[u := \root.Repro.Unit::unit].Representation
  body \root.Repro.Pass[A := \root.Repro.Outer.Representation].identity[#0]
Elaboration Error: definition body check failed: types are not convertible
inferred: \root.Repro.Outer[u := \root.Repro.Unit::unit].Representation
expected: \\root.Repro.Outer.Representation(u)
context: x: \root.Repro.Outer[u := \root.Repro.Unit::unit].Representation
rule: "Definition"

<repo>/_plans/fix-md/cases/05-01-dependent-type-minimal.ref:13:5
  |
13 |     \definition identity(x: O.Representation): O.Representation := O.identity x;
  |     ^^^^^^^^^^^^^^^^^^^^^^^^^^^^^^^^^^^^^^^^^^^^^^^^^^^^^^^^^^^^^^^^^^^^^^^^^^^^
