investigation reserve DefId { module: ModuleId(2), index: 0 } origin DefId { module: ModuleId(2), index: 0 } remap=DeclarationRemapping { module_ids: {ModuleId(2): ModuleId(6), ModuleId(1): ModuleId(5)}, definition_ids: {}, inductive_ids: {}, program_inductive_ids: {} }
  argument ModuleParamId { module: ModuleId(2), position: 0 } := \root.Repro.Outer.Unit
investigation materialize DefId { module: ModuleId(6), index: 0 } from DefId { module: ModuleId(2), index: 0 } remap=DeclarationRemapping { module_ids: {ModuleId(2): ModuleId(6), ModuleId(1): ModuleId(5)}, definition_ids: {DefId { module: ModuleId(2), index: 0 }: DefId { module: ModuleId(6), index: 0 }}, inductive_ids: {}, program_inductive_ids: {} }
  substitute ModuleParamId { module: ModuleId(2), position: 0 } := \root.Repro.Outer.Unit
  binder x: \root.Repro.Outer.Unit
  type \root.Repro.Outer.Unit
  body #0
investigation reserve DefId { module: ModuleId(6), index: 0 } origin DefId { module: ModuleId(2), index: 0 } remap=DeclarationRemapping { module_ids: {ModuleId(1): ModuleId(7), ModuleId(6): ModuleId(9), ModuleId(5): ModuleId(8)}, definition_ids: {}, inductive_ids: {InductiveId { module: ModuleId(1), index: 0 }: InductiveId { module: ModuleId(1), index: 0 }}, program_inductive_ids: {} }
  argument ModuleParamId { module: ModuleId(2), position: 0 } := \root.Repro.Outer.Unit
investigation reserve DefId { module: ModuleId(3), index: 0 } origin DefId { module: ModuleId(3), index: 0 } remap=DeclarationRemapping { module_ids: {ModuleId(1): ModuleId(7), ModuleId(3): ModuleId(10), ModuleId(5): ModuleId(8), ModuleId(6): ModuleId(9)}, definition_ids: {DefId { module: ModuleId(6), index: 0 }: DefId { module: ModuleId(6), index: 0 }}, inductive_ids: {InductiveId { module: ModuleId(3), index: 0 }: InductiveId { module: ModuleId(10), index: 0 }, InductiveId { module: ModuleId(1), index: 0 }: InductiveId { module: ModuleId(1), index: 0 }}, program_inductive_ids: {} }
  argument ModuleParamId { module: ModuleId(3), position: 0 } := \root.Repro.Scalar
investigation materialize DefId { module: ModuleId(10), index: 0 } from DefId { module: ModuleId(3), index: 0 } remap=DeclarationRemapping { module_ids: {ModuleId(1): ModuleId(7), ModuleId(3): ModuleId(10), ModuleId(5): ModuleId(8), ModuleId(6): ModuleId(9)}, definition_ids: {DefId { module: ModuleId(6), index: 0 }: DefId { module: ModuleId(6), index: 0 }, DefId { module: ModuleId(3), index: 0 }: DefId { module: ModuleId(10), index: 0 }}, inductive_ids: {InductiveId { module: ModuleId(3), index: 0 }: InductiveId { module: ModuleId(10), index: 0 }, InductiveId { module: ModuleId(1), index: 0 }: InductiveId { module: ModuleId(1), index: 0 }}, program_inductive_ids: {} }
  substitute ModuleParamId { module: ModuleId(3), position: 0 } := \root.Repro.Scalar
  binder x: \root.Repro.Outer[K := \root.Repro.Scalar].Unit
  type \root.Repro.Outer[K := \root.Repro.Scalar].Unit
  body \root.Repro.Pass[A := \root.Repro.Outer.Unit].identity[#0]
Elaboration Error: definition body check failed: types are not convertible
inferred: \root.Repro.Outer[K := \root.Repro.Scalar].Unit
expected: \root.Repro.Outer.Unit
context: x: \root.Repro.Outer[K := \root.Repro.Scalar].Unit
rule: "Definition"

<repo>/_plans/fix-md/cases/06-01-inner-inductive-minimal.ref:11:5
  |
11 |     \definition identity(x: O.Unit): O.Unit := O.identity x;
  |     ^^^^^^^^^^^^^^^^^^^^^^^^^^^^^^^^^^^^^^^^^^^^^^^^^^^^^^^^
