\import \parent.Hom[V := A.Carrier, W := B.Carrier, source := A.space, target := B.space] \as LeftMaps;
\import \parent.Hom[V := A.Carrier, W := C.Carrier, source := A.space, target := C.space] \as RightMaps;
\import \parent.Biproduct[V := B.Carrier, W := C.Carrier, left := B.space, right := C.space] \as Sum;
\module On(f: LeftMaps.Map, g: RightMaps.Map);
