\import std.Logic[].Equality[] \as Equality;
\use Equality::sym;
\use Equality::trans;
\use Equality::congr;
\import std.Data[].Nat[] \as Naturals;
\import std.Data[].FinSet[] \as Fin;
\import real.Analysis[] \as Reals;
\import Reals.Algebra[] \as Algebra;
\import linear_algebra.Field[].Space[K := Reals.Real, field := Algebra.field] \as Spaces;
\import manifolds.SmoothMap[n := n, m := m].Between[M := M, N := N] \as FirstMaps;
\import manifolds.SmoothMap[n := m, m := l].Between[M := N, N := P] \as SecondMaps;
\import \root.Forms[n := n].On[M := M] \as SourceForms;
\import \root.Forms[n := m].On[M := N] \as MiddleForms;
\import \root.Forms[n := l].On[M := P] \as TargetForms;
\import manifolds.Tangent[n := n].On[M := M] \as SourceTangent;
\import manifolds.Tangent[n := m].On[M := N] \as MiddleTangent;
\import manifolds.Tangent[n := l].On[M := P] \as TargetTangent;
\module Of(f: FirstMaps.Map, g: SecondMaps.Map);
